aan
aanbod
aanraken
aanval
aap
aardappel
aarde
aardig
acht
achter
actief
activiteit
af
afgelopen
afmaken
afspraak
afval
al
algemeen
alleen
alles
als
alsjeblieft
altijd
ander
andere
anders
angst
antwoord
antwoorden
appel
arm
auto
avond
avondeten
baan
baby
bad
bal
bang
bank
basis
bed
bedreiging
been
beer
beest
beetje
begin
begrijpen
begrip
behalve
beide
beker
bel
belangrijk
bellen
belofte
beneden
benzine
berg
beroemd
beroep
best
betalen
beter
bewegen
bezoek
bibliotheek
bieden
bij
bijna
bijten
bijvoorbeeld
bijzonder
binnen
binnenkort
blad
blauw
blazen
blij
blijven
bloed
bloem
bodem
boek
boerderij
boom
boon
boos
bord
borstelen
bos
bot
boven
branden
brandstof
breed
breken
brengen
brief
broer
broek
brood
brug
bruin
bui
buiten
bureau
buren
bus
buurman
buurvrouw
cadeau
chocolade
cirkel
computer
conditie
controle
correct
daar
daarom
dag
dak
dan
dansen
dapper
dat
de
deel
deken
deksel
delen
derde
deze
dichtbij
dienen
diep
dier
dik
ding
dit
dochter
doen
dom
donker
dood
door
doos
dorp
draad
draaien
drie
drinken
drogen
dromen
droog
dun
dus
duur
duwen
echt
een
eend
eenzaam
eerste
eeuw
effect
ei
eigen
eiland
einde
eis
elektrisch
elk
en
enkele
enthousiast
erg
eten
even
examen
extreem
familie
feest
feit
fel
fijn
film
fit
fles
foto
fout
fris
fruit
gaan
gat
gebied
geboorte
geboren
gebruik
gebruikelijk
gebruiken
gedrag
geel
geen
geit
geld
gelijk
geloof
geluid
geluk
gemak
gemakkelijk
gemeen
genoeg
genot
geschikt
geur
gevaar
gevaarlijk
gevangenis
geven
gevolg
gewicht
gewoon
gezicht
gezond
gisteren
glas
glimlach
goed
goedkoop
goud
graf
grap
grappig
gras
grens
grijs
groeien
groen
groente
groep
grof
grond
groot
grootmoeder
grootvader
haan
haar
haast
hal
halen
half
hallo
hand
hard
hart
hebben
heel
heet
helder
helft
help
hem
hemel
hen
herfst
hert
het
heuvel
hier
hij
hobby
hoe
hoed
hoek
hoeveel
hoeveelheid
hond
honderd
honger
hoofd
hoog
hoogte
hoop
horen
hotel
houden
huilen
huis
hun
hut
huur
idee
ieder
iedereen
iemand
ijs
ijzer
ik
in
instrument
ja
jaar
jagen
jas
jij
jong
jongen
jouw
jullie
kaars
kaart
kaas
kamer
kans
kant
kantoor
kap
kast
kasteel
kat
kennen
kennis
keuken
keus
kiezen
kijken
kind
kip
kist
klaar
klas
klasse
kleden
klein
kleren
kleur
klimmen
klok
klopt
knie
knippen
koers
koffer
koffie
kok
koken
kom
komen
koning
koorts
kop
kopen
kort
kost
kosten
koud
kraam
kracht
krant
krijgen
kruis
kuil
kunnen
kunst
laag
laat
laatst
lach
lachen
ladder
laken
lamp
land
lang
langs
langzaam
laten
leeftijd
leeg
leerling
leeuw
leger
lengte
lepel
leren
les
leuk
leven
lezen
lichaam
licht
liefde
liegen
liggen
lijken
liniaal
links
lip
list
lomp
lopen
los
lot
lucht
lui
luisteren
maag
maal
maaltijd
maan
maand
maar
maat
machine
maken
makkelijk
mama
man
manier
map
markt
me
medicijn
meel
meer
meest
meisje
melk
meneer
mensen
mes
met
meubel
mevrouw
middel
midden
mij
mijn
miljoen
min
minder
minuut
mis
model
modern
moeder
moeilijk
moeten
mogelijk
mogen
moment
mond
mooi
morgen
munt
muziek
na
naam
naar
naast
nacht
nat
natuur
natuurlijk
nee
neer
negen
nek
nemen
net
netjes
neus
niet
niets
nieuw
nieuws
nobel
nodig
noemen
nog
nooit
normaal
nu
nummer
oceaan
ochtend
oefening
of
offer
olie
olifant
om
oma
onder
onderzoek
ongeluk
ons
ontsnappen
ontbijt
onze
oog
ooit
ook
oom
oor
oorlog
oorzaak
oost
op
opa
opeens
open
openlijk
opleiding
oranje
orde
oud
ouder
over
overal
paar
paard
pad
pagina
pan
papa
papier
park
partner
pas
pen
peper
per
perfect
persoon
piano
pijn
pistool
plaat
plaats
plafond
plank
plant
plastic
plat
plein
plus
poes
politie
poort
populair
positie
potlood
praten
prijs
prins
privé
probleem
product
provincie
publiek
punt
raak
raam
radio
raken
rapport
recht
rechtdoor
rechts
redden
reeds
regen
reizen
rekenmachine
rennen
rest
restaurant
resultaat
richting
rijk
rijst
ring
rok
rond
rood
rook
rots
roze
rubber
ruiken
ruimte
samen
sap
schaap
schaar
schaduw
scherp
schieten
schip
school
schoon
schouder
schreeuw
schreeuwen
schrijven
schudden
seconde
simpel
sinds
slapen
slecht
sleutel
slim
slot
sluiten
smaak
smal
sneeuw
snel
snelheid
snijden
soep
sok
soms
soort
speciaal
spel
spelen
sport
spreken
springen
staal
stad
stap
start
station
steen
stem
stempel
ster
sterk
steun
stil
stoel
stof
stom
stop
storm
straat
studie
stuk
succes
suiker
taal
taart
tafel
tak
tand
tante
tas
taxi
te
teen
tegen
teken
tekenen
telefoon
televisie
tellen
terug
terwijl
test
tevreden
thee
thuis
tien
tijd
titel
toekomst
toen
totaal
traan
tram
trein
trekken
trouwen
trui
tuin
tussen
tweede
uit
uur
vaak
vaarwel
vader
vak
vakantie
vallen
vals
van
vandaag
vangen
vanmorgen
vannacht
varken
vast
vechten
veel
veer
veilig
ver
verandering
verder
verf
verhaal
verhoging
verjaardag
verkeerd
verleden
vers
verschil
verschrikkelijk
verstand
vertellen
vertrekken
verwachten
verzamelen
vet
vier
vierkant
vies
vijand
vijf
vinden
vinger
vis
vlag
vlees
vlieg
vliegtuig
vloer
voeden
voedsel
voelen
voet
voetbal
vogel
vol
volgende
volgorde
voor
voorbeeld
voorzichtig
voorzien
vork
vorm
vos
vouwen
vraag
vragen
vrede
vreemd
vreemde
vriend
vriendelijk
vriezen
vrij
vrijheid
vroeg
vroeger
vrouw
vuur
waar
waarom
waarschijnlijk
wachten
wakker
wanneer
want
warm
wat
water
we
week
weer
weg
welke
welkom
wens
wereld
werk
west
wie
wiel
wij
wijn
wijs
wild
willen
wind
winkel
winter
wit
wolf
wolk
woord
woud
zaak
zacht
zak
zand
zee
zeep
zeer
zeggen
zeil
zeker
zes
zeven
ziek
ziekenhuis
ziel
zien
zij
zijn
zilver
zingen
zinken
zitten
zo
zoals
zoeken
zoet
zomer
zon
zonder
zonnig
zoon
zorg
zorgen
zou
zout
zulke
zullen
zus
zwaar
zwak
zwembad
zwemmen
