ärger
ärztin
abend
abfahrt
abflug
absender
adresse
alkohol
alter
ampel
anfang
angebot
angestellte
angst
ankunft
anmeldung
anrede
anruf
anrufbeantworter
ansage
anschluss
antwort
anzeige
anzug
apfel
apotheke
appartement
appetit
april
arbeit
arbeitsplatz
arm
arzt
aufenthalt
aufgabe
aufzug
auge
august
ausbildung
ausflug
ausgang
auskunft
ausländer
ausländerin
ausland
aussage
ausstellung
ausweis
auto
autobahn
automat
bäckerei
büro
baby
bad
bahn
bahnhof
bahnsteig
balkon
banane
bank
batterie
baum
beamte
beamtin
bein
beispiel
bekannte
benzin
beratung
berg
beruf
berufsschule
besuch
betrag
bett
bewerbung
bier
bild
bildschirm
birne
bitte
blatt
bleistift
blick
blume
bluse
blut
bogen
bohne
brötchen
brücke
brief
briefkasten
briefmarke
brieftasche
briefumschlag
brille
brot
bruder
buch
buchstabe
bus
butter
café
cd
cd-rom
chef
computer
creme
dach
dame
dank
datum
dauer
deutsche
dezember
dienstag
ding
disco
doktor
dom
donnerstag
doppelzimmer
dorf
drucker
durchsage
durst
dusche
e-mail
ecke
ehefrau
ehemann
ei
einführung
eingang
einladung
eintritt
einwohner
einzelzimmer
eis
eltern
empfänger
empfang
ende
enkel
entschuldigung
erdgeschoss
erfahrung
ergebnis
erlaubnis
ermäßigung
erwachsene
essen
export
fähre
führerschein
führung
fabrik
fahrer
fahrkarte
fahrplan
fahrrad
familie
familienname
familienstand
farbe
fax
februar
fehler
fenster
ferien
fernsehgerät
fest
feuer
feuerwehr
feuerzeug
fieber
film
firma
fisch
flasche
fleisch
flughafen
flugzeug
flur
fluss
formular
foto
fotoapparat
frühjahr
frühling
frühstück
frage
frau
freitag
freizeit
freund
freundin
friseur
frist
fuß
fußball
fundbüro
gabel
garage
garten
gas
gast
gebühr
geburtsjahr
geburtsort
geburtstag
gegenteil
geld
geldbörse
gemüse
gepäck
gericht
gesamtschule
geschäft
geschenk
geschirr
geschwister
gesicht
gespräch
gesundheit
getränk
gewicht
gewitter
glück
glückwunsch
glas
gleis
goethe-institut
größe
die grenze
grippe
großeltern
großmutter
großvater
gruß
grundschule
gruppe
guthaben
gymnasium
hähnchen
haar
halbpension
halle
hals
haltestelle
hand
handtuch
handy
haus
hausaufgabe
hausfrau
haushalt
hausmann
heimat
heizung
hemd
herbst
herd
herr
herz
hilfe
hobby
holz
hose
hund
hunger
idee
import
industrie
information
inhalt
internet
jacke
jahr
januar
job
jugendherberge
jugendliche
juli
junge
juni
käse
körper
küche
kühlschrank
kündigung
kaffee
kalender
kamera
kanne
karte
kartoffel
kasse
kassette
kassettenrecorder
katze
keller
kellner
kenntnisse
kennzeichen
kette
kfz
kind
kindergarten
kinderwagen
kino
kiosk
kirche
klasse
kleid
kleidung
kneipe
koffer
kollege
kollegin
konsulat
kontakt
konto
kontrolle
konzert
kopf
kosmetik
krankenkasse
krankheit
kredit
kreditkarte
kreis
kreuzung
kuchen
kugelschreiber
kunde
kundin
kurs
löffel
lösung
laden
lager
lampe
land
landschaft
leben
lebensmittel
leid
lehre
lehrer
lehrerin
leute
licht
lied
lkw
loch
lohn
lokal
luft
lust
mädchen
märz
möbel
müll
mülltonne
magen
mai
mal
mann
mantel
markt
maschine
material
mechaniker
medikament
meer
mehrwertsteuer
meinung
menge
mensch
messer
metall
miete
milch
minute
mittag
mitte
mitteilung
mittel
mittelschule
mittwoch
mode
moment
monat
montag
morgen
motor
mund
museum
musik
mutter
nähe
nachbar
nachbarin
nachmittag
nachrichten
nacht
name
natur
nebel
norden
notarzt
note
notfall
notiz
november
nudel
nummer
ober
obst
oktober
oma
opa
operation
orange
ordnung
ort
osten
öl
päckchen
paket
panne
papier
papiere
parfüm
park
partei
partner
partnerin
party
pass
pause
pension
pkw
plan
plastik
platz
polizei
pommes frites
portion
post
postleitzahl
prüfung
praktikum
praxis
preis
problem
das produkt
programm
prospekt
pullover
qualität
quittung
rücken
rabatt
radio
rathaus
raucher
raucherin
raum
realschule
rechnung
regen
reifen
reinigung
reis
reise
reisebüro
reiseführer
reparatur
restaurant
rezept
rezeption
rind
rock
rose
rundgang
süden
s-bahn
sache
saft
salat
salz
samstag
sonnabend
satz
schüler
schülerin
schalter
scheckkarte
schiff
schild
schinken
schirm
schlüssel
schloss
schluss
schmerzen
schnee
schnupfen
schokolade
schrank
schuh
schule
schwein
schwester
schwimmbad
see
sehenswürdigkeit
seife
sekretärin
sekunde
sendung
senioren
september
service
sessel
sofa
sohn
sommer
sonderangebot
sonne
sonntag
sorge
spülmaschine
spaß
spaziergang
speisekarte
spielplatz
sprache
sprachschule
sprechstunde
stück
stadt
standesamt
stempel
steuer
stock
stoff
straße
straßenbahn
strand
streichholz
strom
student
studentin
studium
stuhl
stunde
supermarkt
suppe
tür
tüte
tag
tankstelle
tasche
tasse
taxi
teil
telefon
telefonbuch
teller
teppich
termin
test
text
theater
thema
ticket
tier
tipp
tisch
tochter
toilette
tomate
topf
tourist
treppe
trinkgeld
turm
u-bahn
uhr
unfall
universität
unterhaltung
unterkunft
unterricht
unterschied
unterschrift
untersuchung
urlaub
übernachtung
vater
verbindung
verein
verkäufer
verkäuferin
verkehr
vermieter
versicherung
verspätung
vertrag
video
vogel
volksschule
vormittag
vorname
vorsicht
vorwahl
wäsche
wagen
wald
wasser
weg
wein
welt
werkstatt
werkzeug
westen
wetter
wiederhören
wiedersehen
wind
winter
wirtschaft
woche
wochenende
wochentag
wohnung
wolke
wort
wunsch
wurst
zahl
zahn
zeit
zeitschrift
zeitung
zentrum
zettel
zeugnis
zigarette
zimmer
zitrone
zoll
zucker
zug