aai
aaide
aaiden
aaien
aait
aak
aal
aalmoes
aambeeld
aan
aanbellen
aanbevelen
aanbieden
aanbinden
aanblazen
aanblik
aanbod
aanbouw
aanbouwen
aanbouwsel
aanbreken
aanbrengen
aandacht
aandachtig
aandeel
aandelen
aandenken
aandienen
aandoen
aandoening
aandringen
aanduiden
aandurven
aanduwen
aaneen
aangaan
aangaf
aangeboord
aangehaald
aangehad
aangekleed
aangeleerd
aangelegd
aangemeld
aangemerkt
aangemeten
aangemoedigd
aangenaam
aangename
aangeraakt
aangericht
aangevallen
aangewezen
aangezien
aangifte
aangrijpen
aangroei
aangroeien
aanhaken
aanhalen
aanhang
aanhanger
aanharken
aanhebben
aanhef
aanhoren
aanhouden
aanhouding
aanjagen
aankaarten
aankijken
aanklacht
aanklagen
aankleden
aankloppen
aanknopen
aankomen
aankomst
aankomt
aankoop
aankunnen
aanleiding
aanleren
aanleunen
aanloop
aanlopen
aanmaken
aanmeren
aanpakken
aanpassen
aanpassing
aanplakken
aanplanten
aanraken
aanraking
aanrecht
aanrennen
aanroep
aanslag
aansluiten
aansluiting
aanstoot
aantal
aantallen
aantekening
aantocht
aantonen
aantrekkelijk
aanval
aanvang
aanvankelijk
aanvegen
aanvliegen
aanvoelen
aanvoeren
aanvragen
aanvullen
aanvuren
aanwas
aanwezig
aanwezigheid
aanwijs
aanwijzen
aanwijzing
aanwijzingen
aanwinst
aanzien
aanzienlijk
aanziet
aap
aapje
aapjes
aar
aard
aardappel
aardappels
aardbei
aardbeien
aardbeving
aardbol
aardbollen
aarde
aardewerk
aardgas
aardig
aardige
aardigheid
aardlaag
aardlagen
aardolie
aarzel
aarzelend
aas
aasde
aasgier
aasgieren
aasjes
aaskever
aaskevers
aast
abonnement
absolute
absoluut
abstract
abuis
accent
accessoires
accu
ach
acht
achtbaan
achteloos
achter
achteraan
achteraf
achterbak
achterband
achterbank
achterbanken
achterdek
achterdeur
achterdeuren
achtergrond
achterin
achterkant
achterland
achterlaten
achterna
achternaam
achterom
achterop
achterover
achterruit
acrobaat
acteur
actie
actief
activiteit
actueel
actuele
adder
adel
adem
ademnood
ader
administratie
adres
adresboek
adressen
advertentie
advies
adviezen
advocaat
advocaten
af
afbeelding
afbrak
afbraken
afbrand
afbreek
afbreken
afbreng
afbrengen
afbuigen
afbuigt
afdaalt
afdak
afdaken
afdakje
afdakjes
afdalen
afdaling
afdalingen
afdek
afdekken
afdeling
afdelingen
afdoen
affaire
afgaf
afgang
afgangen
afgaven
afgeef
afgelopen
afgeregeld
afgeteld
afgeven
afgewisseld
afgunst
afhankelijk
afhelpen
afhouden
afhuren
afkap
afkappen
afkapt
afkeer
afkeren
afkeurde
afkeuren
afkijk
afkijken
afkijkt
afkloppen
afknap
afknappen
afknellen
afknelt
afknippen
afkomen
afkomst
afkomstig
afkopen
afkort
afkorten
afkraken
afkrijg
afkrijgen
afkrijgt
afleren
aflezen
afliggen
aflopen
afluisteren
afmaken
afmeren
afmeten
afnemen
afpakken
afpakt
afrijden
afrika
afrikaanse
afrit
afritten
afroep
afroepen
afruimen
afscheid
afscheiding
afschepen
afscheren
afscherm
afschieten
afslaan
afsluiting
afsnijden
afspelen
afspraak
afspreken
afspringen
afstaan
afstand
afstanden
afstap
afstappen
afsteken
afstellen
afstemmen
afsturen
aftast
aftasten
aftocht
aftrappen
afval
afvalbak
afvallen
afvegen
afvuren
afwas
afwegen
afweren
afwerken
afwerpen
afwezigheid
afwijking
afwijzen
afwijzing
afzagen
afzeggen
afzetten
afzetting
afzien
afzonderlijk
agenda's
agenda
agent
agenten
ajax
akelig
akker
akkoord
akte
al
alarm
alarmbel
alarmklok
alarmnummer
alcohol
aldoor
aldus
alfa
alfabet
algeheel
algehele
algemeen
alkmaar
allang
alle
allebei
alleen
allemaal
allen
aller
allerbeste
allergisch
allerlei
allerminst
alles
alleszins
als
alsjeblieft
alsmaar
alsmede
alsnog
alsof
alsook
althans
altijd
alvast
alweer
ambulance
ameland
amerika
amerikaanse
amsterdam
amsterdamse
analyse
ananas
ander
andere
anderen
anders
anderszins
anderzijds
andijvie
angst
angstig
anker
ankerplaats
ankers
annet
anti
antiek
antieke
antiekwinkel
antwoord
antwoorden
antwoordt
apart
aparte
apen
apenkooi
apenkooien
apetrots
apostel
apotheek
apparaat
apparaten
appel
appelbomen
appelboom
appelmoes
appels
appelsap
appelstroop
appeltaart
applaus
april
aquamarijn
aquarium
arbeid
arbeiden
arbeider
aren
arena
argeloos
argument
argumenten
ark
arken
arm
armband
armbanden
armbandje
armen
armenhuis
armoe
armoede
armoedig
armpje
arnhem
arrangement
arrestatie
arriveren
artikel
arts
artsen
as
asbak
asbakje
aspect
aspecten
asperges
assen
astronaut
atlas
atlassen
atleet
atletische
attentie
attracties
au
augurk
augustus
aula
australië
auteur
auto's
auto
autobus
automaat
automaten
automatisch
automobilist
autopech
autoritair
autoriteit
autoweg
autowegen
autowrak
autowrakken
avond
avonden
avondeten
avondklok
avondklokken
avondschemer
avondzon
avonturen
avontuur
azië
ba
baai
baal
baan
baar
baard
baas
baasje
baat
babbelen
baby
babymelk
babypoeder
babysitbad
bacteriën
bad
baden
badhokje
badhuis
badjas
badjassen
badkamer
badkamers
badkuip
badkuipen
badlaken
badmeester
badpak
badpakken
badplaats
badplaatsen
badschuim
badslippers
badwater
bagage
bah
bak
bakbeest
bakbeesten
bakblik
bakboord
baken
bakkebaard
bakken
bakker
bakkerij
bakkers
bakmeel
bakoven
bakt
bal
balans
balen
balg
balk
balkon
ballen
balletje
ballon
bami
banaan
bananen
band
banden
bang
bange
bank
banken
bar
barak
barkeeper
baron
barones
barst
bas
basis
batterij
beantwoorden
bed
bedank
bedanken
bedankje
bedankt
bedden
bedenken
bedenkt
bediende
bediening
bedoelde
bedoeling
bedoelingen
bedoelt
bedrag
bedragen
bedreiging
bedrijf
bedrijven
beek
beeld
beelden
been
beentjes
beer
beertje
beest
beesten
beestje
beestjes
beet
beetje
begaf
begin
beginnen
begint
begon
begrepen
begrijpelijk
begrijpen
begrijpt
begrip
begrippen
begroting
behaal
behalve
behandeling
behang
beheer
behoor
behoorlijk
behoort
behoud
beide
bejaarden
bejaardenhuis
bek
bekend
bekende
bekendst
beker
bekertje
bekijk
bekijkt
bel
belang
belangrijk
belangrijke
belangrijkste
belangstelling
belasting
beleefd
beleg
beleid
beleven
belg
belgische
bellen
belletje
belofte
beloning
beloofd
bemanning
bemoeit
ben
benauwd
bende
beneden
benen
benieuwd
benoeming
bent
benzine
bepaal
bepaald
bepaalde
bepaling
beperking
beperkt
bereid
bereikbaar
bereiken
berekening
beren
beresterk
berg
bergbeek
bergen
bergmeer
bergpas
bergrit
bergrug
bergtop
bericht
berichten
berichtje
berk
berm
bermen
beroemd
beroemdst
beroep
beroepen
beroer
beroeren
beroof
beroofd
beschaafd
beschaving
bescheiden
beschermt
beschik
beschikbaar
beschikking
beschrijving
besef
beslag
beslis
beslissing
beslist
besluip
besluit
besmeer
bespaar
bespeel
bespot
bespreking
bessensap
best
besta
bestaan
bestaat
beste
besteeg
besteel
bestek
bestelde
bestelen
bestellen
bestemd
bestemming
bestrating
bestuur
bestuurder
betaal
betaalt
betalen
betaling
betast
betasten
beteken
betekenis
beter
beton
betoog
betoverd
betrap
betreden
betreft
betrek
betrekkelijk
betreur
betrok
betrouwbaar
beuk
beuken
beur
beuren
beurs
beurt
beurzen
bevaar
beval
bevat
beveel
bevel
beven
bever
bevestig
bevoel
bevolk
bevolken
bevolking
bevrijding
bewaak
bewaar
bewaart
bewaren
beweeg
beweer
beweert
bewees
bewegen
beweging
bewerk
bewerken
bewerking
bewijs
bewijzen
bewoner
bewoon
bewust
bewustzijn
bezeer
bezem
bezems
bezemsteel
bezet
bezetting
bezien
bezig
bezigheid
bezin
bezit
bezochten
bezoek
bezoeken
bezoeker
bezoekje
bezorgd
bezwaar
bibliotheek
bidden
bieden
biedt
bier
bies
biet
bieten
big
biggen
bij
bijdehand
bijdrage
bijeen
bijeenkomst
bijl
bijna
bijt
bijten
bijvoorbeeld
bijzonder
bijzondere
bijzonderheid
bingo
bink
binken
binnen
binnenhaven
binnenkort
binnenlands
binnenplaats
binten
bioscoop
bis
bit
bits
blaadje
blaam
blad
bladeren
bladzijde
blaf
blaffen
blank
blanke
blanken
blauw
blauwbek
blauwe
blazen
bleef
bleek
bleven
bliep
blies
blij
blijf
blijft
blijkbaar
blijven
blik
blikje
blikken
bliksem
bliksems
blind
blindbox
blinden
blink
blinken
bloed
bloeden
bloedvat
bloei
bloeit
bloem
bloembak
bloemblad
bloemen
bloemetjes
bloemknop
bloemknoppen
bloemkolen
bloemkool
bloemperk
bloemperken
bloempje
bloempot
bloempotten
bloemstuk
bloemstukje
bloes
blok
blokfluit
blokje
blokken
blond
blonk
bloos
bluf
bluffen
blus
blusboot
blussen
bluste
bob
bocht
bochten
bode
bodem
boden
body
boef
boefje
boeg
boegbeeld
boegen
boei
boek
boeken
boekenbal
boekenbon
boekentas
boekenvak
boekenweek
boekenworm
boeket
boekjaar
boekjaren
boekvorm
boekwerk
boel
boem
boeman
boen
boenen
boenwas
boer
boerderij
boeren
boerenkaas
boerenkar
boerenkool
boerin
boertje
boeten
boetiek
boeven
bof
boffen
bogen
bok
bokken
bol
bollen
bolwerk
bom
bomen
bommen
bomvol
bon
bonbons
bonen
bons
bont
bood
boodschappen
boog
boogje
boograam
boom
boompje
boomtak
boomtop
boon
boontjes
boor
boordevol
boorkop
boos
boosheid
boot
bootje
bord
borden
boren
borg
borst
borstelen
bos
bosbes
bosje
bossen
bosuil
bosuilen
bot
boten
boter
boterham
boterkoek
bots
botsen
botsing
botst
botste
bougie
bouwt
boven
bovenarm
bovenarmen
bovenbeen
bovenbenen
bovendek
bovendien
bovenkaak
bovenkant
bovenlaag
bovenlip
bovenloop
bovenop
bovenraam
bovenramen
bovenrand
bovenste
bovenstuk
boventoon
bovenuit
bovenzaal
bovenzalen
box
boxen
boxer
boy
boys
boze
braaf
braai
braak
braam
bracht
braden
braille
brak
brand
brandblusser
branden
brandend
brandstof
brandweer
bras
brassen
brave
bravo
brazilië
breed
breedst
breedte
breedtegraad
breek
breken
breker
brem
breng
brengen
brengt
bres
bressen
breuk
breuken
breuklijn
breukvlak
brie
brief
briefje
briefpapier
briefpost
bries
briesje
brieven
brik
bril
brillen
brilletje
brink
broden
broeden
broei
broek
broeken
broer
broers
broertje
brok
brokken
brom
brombeer
brommen
brommer
bromt
bron
brons
brood
broodbakker
broodbeleg
broodje
broodjes
broodmager
broodmes
broodmessen
broodnodig
broodroof
broos
bros
brug
bruggen
bruid
bruikleen
bruin
bruine
bruinen
bruingeel
bruinkool
brul
brulaap
brulapen
brulboei
brulboeien
brult
brutaal
bruto
buggy
bui
buien
buig
buigen
buiginkje
buigzaam
buik
buikpijn
buil
builen
buis
buisje
buit
buiten
buitenaf
buitenbaan
buitengewoon
buitenhuis
buitenkans
buitenland
buitenlandse
buitenlui
buitje
buk
bukken
buks
buksen
bukt
bul
bullebak
bullen
bumper
bundel
bureau
bureaus
bureautje
buren
burgemeester
burger
burgerschap
burgervader
burgerwacht
bus
busbaan
busdienst
bushalte
bushokje
busje
busreis
bussen
busverbinding
buur
buurjongen
buurkind
buurman
buurt
buurthuis
buurvrouw
buxus
cacao
cactus
cadeau
cadeaus
cadeautje
cadeautjes
cadet
cafe
cafetaria
cake
calorien
camera
camping
campus
canada
cantate
cantor
canvas
capaciteit
cape
caravan
carla
carnaval
carport
cartoon
casco
cash
catalogus
categorie
categorieën
cavia
cd
cel
cellen
celstraf
cement
censor
censuur
cent
centen
centimeter
centra
centraal
centrale
centreer
centreren
centrifuge
centrum
ceremonie
certificaat
cesuur
chaos
charmant
chauffeur
chef
chemie
chemisch
cheque
china
chinese
chips
chirurg
chocola
chocolade
choke
cijfer
cijfers
cilinder
cipier
circa
circulaire
circus
cirkel
cirkelde
citaat
citer
citroen
claxon
climax
clou
clown
club
clubhuis
cm
cocktails
code
codeer
codenaam
codenummer
codewoord
cola
collectie
collega's
collega
coltrui
coma
combi
combinatie
comité
commandant
commentaar
commissaris
commissie
communicatie
compact
competitie
complex
complexe
complot
componeer
componeren
componist
compost
computer
computeren
computers
concentratie
concept
concert
conclusie
concreet
concurrentie
condens
conditie
conflict
congres
constant
constructie
consul
consult
consumeren
consumptie
contact
contacten
contant
context
contour
contra
contract
contrast
controle
controleer
copiloot
corps
corpslid
correct
correctie
corrupt
corvee
coup's
coup
creatief
credit
crimineel
crisis
critici
cru
cultureel
cultuur
cup
cups
cursist
cursor
cursus
cyclus
d3d
daad
daagt
daal
daalde
daalden
daar
daaraan
daarachter
daaraf
daarbij
daarbinnen
daarboven
daarbuiten
daardoor
daarentegen
daarheen
daarin
daarmee
daarna
daarnaast
daarom
daaronder
daarop
daarover
daartegen
daartoe
daartussen
daarvan
daarvoor
dacht
dachten
dadelijk
daden
dadendrang
dader
dag
dagblad
dagboek
dagboeken
dagdeel
dagelijks
dagen
dagje
dagkaart
dagloon
dagtaak
dagtaken
dagtocht
dak
dakje
dakpan
dakpannen
dakraam
dakramen
dal
dalen
daling
dam
dame
dames
damesfiets
dammen
damp
dampen
dan
dank
dankbaar
dankbaarheid
danken
dans
dansen
dansles
dansmuziek
danspas
danst
danszaal
dapper
darm
darmen
das
dassen
dat
data
datgene
datum
dauw
de
debat
decaan
december
decimeter
deden
deed
deeg
deegbal
deel
deelbaar
deelname
deelnemers
deelt
deeltijd
deen
defect
defecte
defensie
definitie
definitief
deftig
degelijke
degene
dek
dekbed
deken
deksel
dekselse
dekt
delen
delfde
demo
democratie
democratisch
demonstratie
den
denemarken
denise
denk
denkbeeld
denken
denkt
dennen
dennenboom
dennennaalden
dennis
den haag
der
derde
dergelijks
derhalve
dertig
des
deskundig
destijds
detail
deugd
deuk
deuken
deukje
deun
deunen
deur
deurbel
deurcodes
deuren
deze
dezelfde
dicht
dichtbij
dichte
dichterbij
dictator
dictees
die
dief
diefstal
diegene
dienen
dienst
diep
diepe
diepte
dier
dierbaar
dieren
dierentuin
dierenwinkel
diertje
dies
dieven
digitaal
dij
dijk
dik
dikke
dikst
dikte
dikwijls
dim
ding
dingen
dinsdag
dinsdags
dip
diploma's
diploma
direct
directeur
directie
dirigent
dirk
dis
disco
discotheek
discussie
dit
dito
diverse
dj
docent
dochter
dochtertje
document
dode
dodelijk
doe
doek
doeken
doekje
doel
doelman
doelpaal
doelpunt
doen
doet
dokter
dokwerker
dol
dolder
dolf
dolfijnen
dolhuis
dolk
dolken
dom
dominee
domino
dominosteen
domkop
domkoppen
donder
donderdag
donderdags
doneer
donker
donor
dons
dood
doodmoe
doof
dooft
dooi
dooier
dook
doolde
doolhof
doop
door
doordat
doorga
doorgaan
doorgaf
doorgang
doorgangen
doorheen
doorloop
doormaak
doorn
doornam
doorrijden
doorslaan
doorsta
doorstaan
doorstaat
doortrainen
doortrap
doorzaag
doorzag
doorzie
doorzien
doorziet
doos
doosje
dop
dopen
doperwten
dor
dorien
dorp
dorpen
dorpje
dorpshuis
dorpskerk
dorpsleven
dorpsstraat
dorst
dorsten
dorstig
dorstige
dosis
dot
douane
douche
douchen
dove
doven
dozen
dozijn
draad
draag
draagtas
draagvlak
draai
draaibaar
draaibank
draaideur
draaideuren
draaien
draait
draak
draal
draden
dram
drama
drank
dranken
drankfles
drankje
dreigt
drempel
drente
dreun
drie
driedaags
driehoek
driehoeken
drieklank
drieklanken
driekleur
driepoot
drieën
drink
drinkbaar
drinkbus
drinken
drinkglas
drinkt
droeg
droegen
droevig
droge
drogen
drom
dromde
dromen
drong
dronken
droog
droogrek
droogte
droom
droop
drop
drug
drugshond
druif
druiloor
druip
druipen
druis
druisen
druiven
drukke
drukknop
drukknoppen
drukpers
drukpersen
drukproef
drukproeven
drukt
drukte
drum
drumband
drummen
drummer
drumstel
drup
druppels
druppeltjes
duf
duidelijk
duidelijkheid
duiden
duif
duifje
duig
duigen
duik
duikboot
duikboten
duikbril
duikel
duiken
duiker
duikt
duim
duimbreed
duimpje
duin
duinen
duintop
duinzand
duister
duistere
duisternis
duitse
duitsland
duivel
duiven
duivenkooi
duizend
dukaat
dukaten
dump
dumpen
dun
dunne
duo
duobaan
duren
durf
durft
durven
dus
dut
dutje
dutten
duur
duurde
duurder
duurt
duw
duwbak
duwboot
duwde
duwen
duwt
dwaalde
dwaas
dwang
dwars
dwaze
dweil
dweilde
dwerg
dynamo
eb
echo
echt
echte
echter
echtgenoot
echtgenote
echtpaar
echtparen
economisch
econoom
eed
eef
eekhoorns
eekhoorntjes
een
eend
eenden
eendje
eenheden
eenmaal
eens
eentje
eenvoudig
eenvoudige
eenzaam
eenzaamheid
eer
eerbaar
eerbetoon
eerbied
eerder
eergisteren
eerlijk
eerloos
eerst
eerste
eervol
eet
eetbaar
eethoek
eethuis
eethuisje
eetkamer
eetkamers
eetlepel
eettafel
eettafels
eettent
eetzaal
eetzalen
eeuw
eeuwen
eeuwenlang
eeuwig
effe
effect
effen
egaal
egypte
ei
eieren
eigen
eigenaar
eigenaardig
eigendom
eigenlijk
eigenschap
eigenschappen
eigenwijs
eigenzinnige
eik
eiland
eind
einde
eindelijk
eindeloos
eindhoven
eindje
eis
eist
eitje
elektriciteit
elektrisch
element
elf
elfde
elfje
elftal
elk
elkaar
elke
ellende
ellendig
els
emmer
emotioneel
emotionele
en
ene
energie
enerzijds
eng
enge
engel
engeland
engels
engelse
enig
enige
enigszins
enkel
enkele
enkelvoud
enorm
enorme
enschede
enten
enter
enthousiasme
enthousiast
enzovoort
epos
er
era
eraan
erachter
eraf
erdoor
eregast
eren
erf
erg
ergens
ergernis
ergo
erheen
erin
erkenning
erker
ermee
erna
ernaar
ernstig
erom
erop
ertoe
eruit
ervaring
ervaringen
ervoor
erwten
eskimo's
eskimo
etage
etalage
etalages
eten
ets
etsen
ettelijke
euro
europa
europese
evangelie
even
evenals
eveneens
evenmin
eventueel
eventuele
evenwel
evenwicht
ex
exact
exacte
examen
examencommissie
exclusief
excursie
excuses
excuus
exemplaar
expeditie
experiment
expert
exploderen
explosie
explosiegevaar
export
expositie
expres
extra
extraatje
extreem
ezel
ezels
ezeltje
faam
fabel
fabriceren
fabriek
fabrieken
fabrikant
factor
fakkel
familie
fantasie
fantastisch
fase
fataal
fatima
fatsoen
favoriete
fax
faxen
faxnummer
fee
feest
feestdag
feestdagen
feestelijke
feesten
feestje
feestmaal
feeën
feilloos
feit
feitelijk
feiten
fel
felicitatie
felle
ferm
ferme
fiat
fier
fiets
fietsband
fietsbel
fietsen
fietser
fietst
fietstocht
figuren
figuur
figuurtje
fijn
fijne
fijnste
fik
fikje
fiks
fikse
file
filelist.txt
film
filmde
filmdoek
filmen
filmhuis
filmpje
filmrol
filmzaal
finaal
finale
financieel
financiële
firma's
firma
fit
fitter
flacon
fladderen
flanellen
flank
flap
flat
flater
flauw
flauwekul
fles
flessen
fleur
flevoland
flik
flink
flinke
flits
flop
flopt
flora
floris
fluisterde
fluisteren
fluit
fluiten
flux
foef
foei
fok
fokken
folder
fooi
fooien
formaat
formule
formulering
fornuis
fornuizen
fors
forse
forten
forum
fosfor
foto's
foto
fotoalbum
fotoboek
fotograaf
fototoestel
fout
foute
fouten
foutloos
fraai
fraaie
fragiel
frank
frankrijk
frans
franse
frees
friese
friesland
friet
frieten
frietjes
fris
frisdrank
frisse
frituur
fruit
fruitmand
fruitsalade
fuif
fuik
fuiken
functie
funk
fuseren
fusie
fut
futloos
ga
gaaf
gaan
gaap
gaapt
gaar
gaas
gaasje
gaat
gaatje
gaf
gal
gala
galg
galm
galop
gang
gangbaar
gangen
gans
ganzen
gap
gapen
gappen
garage
garagedeur
garagehouder
garantie
garen
garnaaltjes
gaslek
gaspit
gasprijs
gast
gastheer
gasthuis
gasvlam
gaswolk
gat
gaten
gauw
gave
geaaid
gebaar
gebak
gebakken
gebaren
gebed
gebeten
gebeurd
gebeurt
gebied
gebieden
geblaas
geblaf
gebleven
gebod
geboorte
geboren
gebouw
gebracht
gebrek
gebroken
gebrom
gebruik
gebruikelijk
gebruiken
gebruikt
gebrul
gedaan
gedaante
gedachte
gedeeld
gedeelte
gedeeltelijk
gedekt
gedenk
gedicht
gedood
gedrag
gedragspatroon
gedroomd
geduld
gedurende
gedwee
gedwongen
geef
geeft
geel
geen
geenszins
geert
geest
geeuw
geeuwen
geeuwt
gefietst
gegaan
gegeten
gegevens
gegil
gegrepen
gegroeid
gegrom
gehaaide
gehaald
gehaat
gehad
gehakt
gehaktbal
geheel
geheim
geheimpje
geheimschrift
geheimzinnig
geheugen
gehoor
gehoord
gehoorzaamheid
gehouden
geintje
geit
geiten
geitjes
gejoel
gejuich
gek
gekke
geklaag
geknepen
geknipt
geknoei
gekocht
gekookte
gekopieerd
gekruid
gekrulde
gekuch
gelach
gelastte
geld
gelderland
geldig
gele
geleden
geleende
geleerd
geleerde
geleerden
gelegenheden
gelegenheid
geleidelijk
gelige
gelijk
gelijkenis
gelijkheid
geloei
geloof
gelooft
geloop
geluid
geluiden
geluidloos
geluk
gelukkig
gemaakte
gemak
gemakkelijk
gemeen
gemeente
gemeentelijk
gemeenteraad
gemeten
gemiddeld
gemier
gemoed
gemor
genemuiden
generaal
generatie
geniet
genoeg
genoegen
genoemd
genomen
genot
genoten
geopend
geparkeerd
gepest
gepiep
geplaagd
gepoetst
geprakte
geput
geraas
gerechten
gereden
gereed
geregend
gerenoveerd
gericht
gering
geroepen
geruite
gerust
geschat
geschenk
geschiedenis
geschikt
geschil
geslaagd
geslacht
gesloopt
gesloten
gespeeld
gesprek
gesprekken
gesprekspartners
gestalte
gestoei
gestolen
gestort
getal
getallen
getest
getik
getuige
getuigenis
geur
gevaar
gevaarlijk
geval
gevallen
gevangenis
gevat
gevecht
gevel
geven
gever
geverfd
gevoel
gevoelens
gevoelig
gevolg
gewas
geweer
geweest
gewei
geweld
geweldig
gewerkt
gewest
geweten
gewicht
gewild
gewin
gewis
gewoel
gewond
gewone
gewonnen
gewoon
gewoonlijk
gewoonte
geworden
gezaag
gezag
gezamenlijk
gezang
gezegd
gezellig
gezelligheid
gezelschap
gezelschappen
gezet
gezeur
gezicht
gezien
gezin
gezind
gezinnen
gezoem
gezoet
gezond
gezondheid
gezondst
gezwel
gids
giek
gier
gierig
giet
gieten
gifslang
giftig
gij
gijs
gil
ginds
ging
gingen
gips
giro
giropas
gist
gisteren
gitaar
glaasje
glans
glansrol
glanst
glanzen
glas
glaswerk
glaswol
glazen
gleuf
gleuven
glijden
glim
glimlach
glimlachte
glip
glippen
gloei
gloeilamp
gluren
gluur
goal
godsdienstig
goed
goede
goederen
goedkeuring
goedkoop
gok
golf
golven
gom
gong
goochelaars
gooi
gooien
gooit
goor
goot
gordijn
gordijnen
goud
gouden
graag
graai
graait
graan
graas
gracht
graf
gram
grap
grapje
grapjes
grappen
grappig
grappige
gras
graszaad
gratie
gratis
grauw
graven
grazen
greep
grens
grenzen
griek
griekenland
griep
griet
grietje
griezelig
grif
grijnzend
grijp
grijpt
grijs
grijzen
gril
grip
gris
groef
groei
groeien
groeit
groen
groene
groente
groenteman
groep
groepen
groet
groeten
grof
grol
grollen
grom
grommen
gromt
grond
grondig
grondslag
grondstof
groningen
groot
grootgebracht
grootmoeder
groots
grootst
grootte
grootvader
gros
grot
grote
grotere
gruis
grut
gul
gulden
gum
gun
gunstig
gup
guppy
guur
gym
gymnastiek
ha
haagse
haai
haak
haakje
haal
haalbaar
haalde
haalt
haan
haar
haarlem
haas
haasdrecht
haast
haastig
haat
had
hadden
hagel
hagelbui
hagelslag
hak
haken
hal
halen
half
halfopen
halfrond
halfuur
halfvol
hallo
halm
halmen
hals
halsband
halsdoek
halszaak
halt
halzen
ham
hamburger
hamburgers
hamlap
hamster
hand
handdoek
handel
handeling
handen
handenarbeid
handig
hang
hangar
hangen
hanger
hangmat
hangt
hans
hap
hapklaar
hard
harde
harder
hardloper
hardop
hardst
haren
harinkje
harkt
harmonieën
harp
harpen
hars
harsen
hart
hartelijk
harteloos
harten
haven
havens
haventje
haver
havo
hazen
heb
hebben
hebt
heeft
heel
heelal
heen
heenga
heengaan
heengaat
heer
heerlijk
heerlijke
heerschappij
hees
heester
heet
heftig
heg
hei
heilig
heimwee
heisa
hek
hekel
heks
heksen
helaas
held
helden
helder
heldere
hele
helemaal
helft
helling
hellinkje
helm
help
helpen
helpt
hem
hemden
hemel
hemelbed
hen
hengel
hens
her
herberg
herder
herfst
herhaal
herhaalde
herhaaldelijk
herinnering
herinneringen
herkansen
herkenning
herkent
herleef
herlees
herleven
hernam
herrie
herstel
hert
hervat
hervorm
hervorming
herwin
herwon
het
hetzelfde
heup
heupen
heus
heuvel
hevig
hiel
hielp
hielpen
hier
hieraan
hierdoor
hierheen
hierin
hierlangs
hiermee
hierna
hiernaar
hierom
hiertoe
hieruit
hiervan
hiervoor
hij
hijgt
hijskraan
hik
hilariteit
hinder
hing
hingen
hink
hinkel
hinken
hinniken
hip
historie
historisch
historische
hit
ho
hobby
hobo
hockey
hoe
hoed
hoef
hoeft
hoek
hoeken
hoekhuis
hoen
hoera
hoes
hoeveel
hoeveelheden
hoeveelheid
hoeven
hoeverre
hoezo
hof
hofbal
hoge
hoger
hoi
hok
hol
hollandse
homp
hompen
hond
honden
hondenslee
honderd
honger
honing
honk
honkbal
hoofd
hoofdstad
hoofdsteden
hoog
hoogland
hoogleraar
hoogst
hoogstens
hoogte
hoogtepunt
hooguit
hooi
hooiberg
hooiland
hoop
hoopt
hoopvol
hoor
hoorn
hoort
hoos
hoosbui
hop
hopelijk
hopman
hor
horen
horizon
horloge
horloges
hos
hospitaal
hotel
hotelkamers
hou
houd
houden
houding
houdt
hout
houten
houthakker
huid
huif
huifkar
huig
huigen
huik
huil
huilbui
huilde
huilen
huilende
huilt
huis
huisarts
huisbaas
huisdeur
huisdeuren
huisdier
huisdieren
huisgezin
huishoudsters
huisje
huiskamer
huisman
huismerk
huismus
huisraad
huisregel
huiswerk
huiver
huizen
hul
hulp
hulpverlening
humor
hun
hup
huppelen
hups
hut
huur
huwelijk
huwen
hypo
ibis
id
ideaal
idee
ideeën
idem
ieder
iedere
iedereen
iel
iemand
ierland
iglo's
ijk
ijs
ijsbaan
ijsco's
ijselijke
ijshockey
ijsje
ijsklomp
ijver
ijverig
ijzer
ijzeren
ijzige
ik
illusie
illustratie
imker
immers
import
in
inbreker
inbreuk
inclusief
indeling
inderdaad
indertijd
index
india
indien
individu
indoen
indonesië
indruk
industrie
industrieel
industrieën
industriële
indut
induw
ineen
ineens
infectie
inflatie
info
informatie
informeren
ingaan
ingang
ingangen
ingedaan
ingegaan
ingegrepen
ingenieur
ingericht
ingetogen
ingewikkeld
ingewikkelde
ingezet
ingrid
inham
inhammen
inhoud
inhouden
initiatief
injectie
inkeer
inkijk
inkomen
inkt
inladen
inleg
inleiding
inlichting
inlichtingen
inloop
inlos
inlossen
inmaak
inmiddels
inpak
inplak
inrichting
inruil
inruim
insect
insecten
inslaan
inslaap
inspecteur
inspectie
instantie
instelling
instem
instituut
instructie
instrueerde
instrument
instrumenten
integendeel
integratie
intelligentie
interessant
interessante
interesse
internationaal
internationale
internet
interview
intro
intussen
intyp
intypen
inval
invloed
invoer
invoering
invul
inwendig
inwerk
inwerken
inwerp
inwerpen
inwin
inwinnen
inwoner
inworp
inzag
inzat
inzeep
inzet
inzicht
inzichten
inzien
inziet
inzit
inzitten
inzuig
inzuigen
iris
is
islam
italiaanse
ivoor
ja
jaag
jaap
jaar
jaarboek
jaargetijde
jaarkaart
jaarlijks
jaarplan
jaartal
jacht
jachthond
jachthonden
jachtslot
jagen
jager
jagers
jam
jammer
jan
jank
janken
jansdam
japan
japon
jaren
jarig
jarige
jas
jasje
jasjes
jat
jawel
jawoord
jawoorden
je
jeanet
jet
jetje
jeugdig
jeuk
jeuken
jezelf
jij
joch
joeg
joegen
joekel
joel
johan
jojo
joker
jong
jonge
jongelui
jongeman
jongen
jongens
jota
jou
journaal
journalist
jouw
jubilea
judo
juf
juffrouw
juichen
juist
juk
jukbeen
juli
jullie
jumbo
juni
jurk
jurken
jury
justitie
jut
juweel
kaai
kaaiman
kaak
kaakbeen
kaal
kaap
kaars
kaart
kaarten
kaartje
kaas
kaasboer
kabel
kabeljauw
kabelkrant
kabelnet
kabinet
kabouter
kachel
kade
kademuur
kaf
kajak
kajuit
kalender
kalf
kalfjes
kali
kalk
kalm
kalveren
kam
kameel
kamer
kameraad
kamertje
kammetje
kamp
kampioen
kan
kanaal
kanalen
kandidaat
kandidaten
kaneel
kano's
kano
kanonnen
kans
kant
kantine
kanton
kantoor
kantoren
kap
kapel
kapitaal
kapitein
kapmes
kapoen
kapot
kapotgaan
kapotte
kapper
kapsalon
kapster
kapstok
kar
karakter
karate
kardinaal
karig
karige
karkas
karren
karretje
karton
kas
kasboek
kassa
kast
kasteel
kasten
kastje
kat
kater
kathedraal
katholiek
katje
katoen
katoenen
katten
kattenkwaad
kauw
kauwgom
kauwt
keek
keel
keelgat
keep
keer
kees
kef
kegel
kei
keien
keizer
kek
kelder
kelk
kelken
kelkje
kelner
ken
kenbaar
kenmerk
kenmerken
kennen
kennis
kennissen
kent
kenteken
kerel
kereltje
keren
kerk
kerker
kerkmuur
kerkraam
kerktoren
kern
kers
kerst
ketel
kettingen
kettinkje
keuken
keukenkastje
keukenmeid
keukentafel
keur
keurig
keus
keuze
kever
kid
kiek
kiekje
kiekjes
kiel
kiem
kien
kier
kies
kiest
kieuw
kiezen
kiezer
kif
kijf
kijk
kijkdag
kijkdoos
kijken
kijkers
kijkgat
kijkje
kijkt
kik
kikker
kil
kille
kilo's
kilo
kilometer
kim
kin
kind
kinderen
kindertehuis
kindje
kink
kiosk
kip
kippen
kir
kist
kisten
kit
kiwi
klaag
klaar
klaas
klacht
klachten
klak
klam
klamp
klank
klanken
klankkast
klankkleur
klant
klap
klappen
klaproos
klarinet
klas
klasse
klassiek
klautert
klauw
klauwen
klavertje
kleden
kleding
kleed
kleerkast
klef
kleffe
klei
klein
kleine
kleiner
kleinst
kleintjes
klem
klemt
klep
klepel
klept
kleren
klerk
klets
kletsen
klettert
kleur
kleurboek
kleuren
kleurig
kleurloos
kleurplaat
kleurpotlood
kleurt
kleuter
klief
kliek
klier
klif
klik
klim
klimaat
klimmen
klimop
klimrek
klimroos
klimt
kling
kliniek
klink
klinker
klinkt
klip
klok
klokken
klomp
klompen
klonk
klont
kloof
klooster
klop
klopt
klopte
klotsen
kluif
kluis
kluisdeur
kluit
kluizen
klungelig
klus
kluts
kluwen
km
knaag
knaak
knaap
knak
knal
knalde
knalrood
knap
knar
knars
knarsen
knarst
knecht
kneden
kneed
kneedbaar
kneep
knel
knelt
kneus
knie
kniel
knies
kniesoor
knieën
knijp
knijpen
knijper
knik
knikkeren
knikt
knip
knipkaart
knipmes
knippen
knipsel
knipt
knoei
knoeien
knoeit
knoeiwerk
knok
knol
knook
knoop
knop
knopje
knor
knorde
knort
knot
knuist
knul
knus
knutselen
kocht
kochten
koddig
koe
koeien
koeienstal
koek
koekjes
koel
koele
koelie
koelkast
koepel
koer
koerde
koers
koest
koestal
koester
koets
koevoet
koffer
koffie
koffiehuis
kogel
kok
koken
koker
kokos
kokosmat
kol
kolder
kolk
kolonel
kolonie
koloniën
kolos
kom
komaf
kombuis
komeet
komen
komende
komiek
komkommer
komma's
komma
kompaan
kompas
komst
komt
kon
konden
konijn
konijntjes
koning
koninginnedag
koninkje
koninklijk
kooi
kooitje
kook
kookboek
kookpan
kookpot
kookt
kool
koolraap
koop
koophuis
kooplui
kooplust
koopman
koopsom
koopt
koor
koorleider
koorts
koorwerk
koos
kop
kopbal
kopen
koper
koperen
kopie
kopieën
kopje
kopman
koppeling
kopstuk
kopt
kopwerk
kopzorg
kordate
koren
korf
korfbal
korhoen
kornet
korps
korrel
korst
kort
korte
kortenhoef
kortom
kortst
kortweg
kosmos
kost
kostbaar
kosten
koster
kostschool
kostuum
kot
kou
koud
koude
kous
kousen
kozen
kraag
kraai
kraaien
kraak
kraakt
kraal
kraalogen
kraaloog
kraam
kraambed
kraampje
kraamt
kraan
krab
kracht
krachtig
kragen
krakeel
kraken
kraker
kramp
kranig
krans
krant
kranten
krantenbak
krap
kras
krast
krat
krater
kratje
krediet
kreeft
kreeg
kreek
krees
kreet
krekel
kreken
kreng
krent
kreuk
kreukt
kreun
kreunt
kreupel
kriebel
kriebelt
kriek
krijg
krijgen
krijgt
krijs
krijsen
krijst
krijt
krik
krikt
krimi
krimp
kring
kringelt
kringetje
krioel
kris
kriskras
kristal
kritiek
kritisch
kroeg
kroegbaas
kroes
kroeshaar
krokant
kroket
krokodil
krokus
krom
kronen
kroniek
kroon
kroontje
kroop
kroos
kroost
krop
krot
krui
kruik
kruim
kruimel
kruin
kruip
kruipen
kruipt
kruis
kruist
krul
krult
kubus
kuch
kucht
kuif
kuiken
kuil
kuip
kuit
kun
kunnen
kunst
kunsten
kunstenaar
kunstje
kunstjes
kunstwerk
kunt
kurk
kus
kussen
kust
kuur
kwaad
kwaadaardig
kwaak
kwaal
kwak
kwal
kwalijk
kwaliteit
kwaliteiten
kwam
kwark
kwart
kwartaal
kwartier
kwast
kweek
kwek
kwel
kwelder
kwiek
kwijt
kwik
kwispelt
la
laag
laagland
laagst
laan
laars
laarzen
laat
laatst
laatste
label
labiel
lach
lachen
lachend
lachfilm
lacht
lachte
ladder
lade
laden
lading
laf
lafaard
lafbek
laffe
lag
lage
lager
lak
laken
lakens
laks
lakschoen
lal
lalde
lam
lama
lamel
laminaat
lammeren
lamp
lampen
lampenkap
lampion
lamsoor
land
landbouw
landdag
lande
landelijk
landen
landgoed
landgrens
landheer
landhuis
landing
landje
landkaart
landleven
landlieden
landloper
landman
landmeter
landrot
landschap
landsmeer
landstaal
landweg
lanen
lang
langdurig
lange
langer
langere
langs
langst
langszij
languit
langzaam
langzamerhand
lans
lantaarn
lap
lapje
larf
lariks
larve
las
lasbril
lassie
last
lastdier
laster
lastig
lastiger
lastpak
lat
laten
later
latex
lauw
lauwe
lava
laveer
lawaai
lawine
lectuur
led
ledemaat
ledikant
leed
leef
leefbaar
leefregel
leeft
leeftijd
leeg
leegeten
leegloop
leegmaken
leek
leem
leemlaag
leemte
leen
leenwoord
leep
leer
leerboek
leerde
leergang
leerhuis
leerjaar
leerling
leerlingen
leermeester
leerplan
leerschool
leerstof
leerstuk
leert
leerzaam
lees
leesbaar
leesboek
leesbril
leeslamp
leesles
leeslust
leesniveau
leesplank
leestafel
leesteken
leestekens
leesvoer
leeswerk
leeszaal
leeuw
leeuwarden
leeuwen
leeuwin
lef
leg
legaal
legaat
legato
legden
lege
leger
legio
legitiem
lego
legt
leider
leiding
leidinkje
lek
lekkage
lekke
lekker
lekkerder
lekkere
lel
lelie
lelies
lelijk
lelystad
lengte
lengtegraad
lenig
lening
lens
lente
lentedag
lentes
lenteweer
lentezon
lenzen
leo
lepel
lepelaar
lepels
lepeltje
lepra
leraar
leraren
leraressen
leren
lering
les
lesauto
lesgeld
lesgeven
lesje
lessen
lest
lesuur
let
letsel
letten
letter
letterlijk
letters
lettertype
leugen
leuk
leuke
leukemie
leuker
leun
leunde
leuning
leuninkje
leunstoel
leunstoelen
leunt
leurde
leuren
leus
leven
levend
levende
levendig
lever
leverancier
levert
lezen
lezing
lichaam
lichamelijk
licht
lichten
lichtje
lid
lied
liedje
liedjes
lief
liefde
liefdevol
liefhebber
liefst
liefste
lieg
liegen
liegt
liep
liepen
lier
lieren
lies
liet
lieve
liever
lift
liften
lifter
lig
liga
ligbad
ligbank
ligfiets
liggeld
liggen
ligging
ligplaats
ligstoel
ligt
lijf
lijken
lijkt
lijm
lijn
lijst
lik
likeur
likken
likt
lila
lilliputter
limburg
limiet
limoen
limonade
linde
lindeboom
liniaal
linialen
linie
link
linker
linkerarm
linkerbeen
links
linksaf
linkse
linksom
linnen
linnengoed
linnenkast
lint
lip
lira
lire
lis
list
listig
liter
locatie
loeder
loef
loei
loeide
loeien
loeit
loempia
loep
loepen
loer
loerde
loert
loes
log
logeren
logisch
logo
logos
logo
logos
lokaal
lokaas
lokalen
loket
lokt
lokte
lol
lolletjes
lolly
lomp
lompe
lompen
lonen
long
lonk
loods
loof
loofbomen
loofboom
loofde
loofden
loog
looi
look
loom
loon
loonde
loop
loopbaan
loopbrug
loopjongen
looppas
loopplank
loopt
loos
loosde
loot
lopen
loper
lor
los
losbol
loslaat
losloop
losmaak
losraak
losraakt
losrukt
lost
lot
loten
loterij
loyaal
lucht
luchtballon
luchtbel
luchtfoto
luchtgat
luchthaven
luchtkasteel
luchtlaag
luchtruim
luchtschip
lucifer
ludiek
lui
luid
luiden
luider
luidop
luik
luiken
luilak
luim
luimen
luipaard
luis
luisde
luisteren
lukraak
lukt
lukte
lunapark
luren
lurk
lurken
lus
lussen
lust
lusten
luur
lux
luxe
ma
maag
maagzuur
maai
maaide
maaien
maait
maak
maakbaar
maakt
maakte
maakten
maakwerk
maal
maalde
maaltijd
maan
maand
maandag
maandags
maandelijks
maar
maas
maastricht
maat
maatbeker
maatje
maatpak
maatregel
maatschappelijk
maatschappij
maatwerk
machine
machines
machinist
machtig
madam
madelief
maf
mag
magazijn
mager
magere
magnum
majesteit
majeur
majoor
mak
makelaar
maken
makkelijk
makkelijker
mal
malaria
malen
maling
mals
mam
mama
mamma
mams
man
manege
mango
manier
manjaar
mank
manlief
mannelijk
mannetje
mans
mantel
manteltjes
map
mar
marathon
markies
markt
markthal
marktkraam
marktplaats
marktplein
marlot
marmer
marmot
marokko
mars
marsen
masker
massa
massaal
massage
mast
mat
matador
mateloos
materiaal
materialen
materie
materieel
materi×le
matglas
matig
matras
matrassen
matroos
matrozen
matrozenpak
mauwde
mauwen
max
maximaal
maximum
mazelen
me
mede
mededeling
mededelingen
medeklinker
medelijden
medemens
medewerker
medewerking
medewerkster
media
medici
medicijn
medio
medisch
medium
mee
meedoen
meega
meegaan
meegaat
meegaf
meegemaakt
meegeven
meegevoel
meehelpen
meehelpt
meekomen
meel
meeleven
meelopen
meemaken
meen
meenam
meenemen
meepak
meepakken
meer
meerde
meerderheid
meermin
meervoud
mees
meest
meestal
meeste
meester
meet
meetbaar
meetlat
meetlint
meetpunt
meetroon
meeuw
meevaart
meeval
meevallen
meevaller
meevieren
meevoelen
meevoelt
meevoer
meewerkt
meewil
meewilt
meezing
meezingen
meezit
mei
meid
meiden
meisje
meisjes
meisjesstem
mek
mekaar
melden
melding
melig
melk
melkboer
melkboeren
melkbus
melkfabriek
melkfles
melkkoe
melkman
melkpak
melkplas
melkpoeder
melkt
melkvee
melkweg
melodie
melodieën
meloen
memo
men
mende
meneer
meng
menig
menigeen
menigte
mening
meningsverschil
mens
mensa
mensaap
mensbeeld
mensdom
menselijk
mensen
mensheid
mentaal
mentaliteit
mentor
menu's
menu
menuutje
mep
meppen
mept
meren
merendeel
merg
mergel
merk
merkbaar
merken
merknaam
merkt
merkwaardig
mes
messen
mest
met
metaal
meteen
meten
meter
meterkast
meters
methode
metra
metro
metsel
metselaar
meubel
meubels
meubilair
meute
mevrouw
mexico
mezen
miauwt
middag
middel
middelbaar
middelburg
middelpunt
midden
mie
mier
mieren
mies
mij
mijn
mik
mikado
mikmak
mikpunt
mikt
milieu
militair
miljard
miljoen
miljonair
millimeteren
min
minder
minderheden
mineraal
mineraalwater
mini
miniem
minima
minimaal
minimum
minister
ministerie
minpunt
minst
minstens
minus
minuten
minuut
minzaam
mis
misbaar
misbruik
misdaad
misdaan
misdraag
misdraagt
misdragen
misgaan
misgaat
misgreep
misgun
miskleun
miskoop
misloop
misloopt
mislopen
misluk
mislukt
mismaakt
misoogst
misschien
missie
mist
mistbank
misthoorn
mistig
mistlamp
misvorm
mix
mixer
mobiel
mobieltje
mocht
mochten
modaal
modder
modderbad
mode
modehuis
model
modellen
modepop
modern
module
moe
moeder
moederland
moederliefde
moeders
moederschip
moedig
moeilijk
moeilijkheden
moeilijkheid
moeite
moer
moeras
moes
moest
moesten
moestuin
moet
moeten
mogelijk
mogelijkheden
mogelijkheid
mogen
mok
moker
mokt
mol
molen
molenaar
mom
moment
momenteel
mond
mondig
mondige
monitor
monk
monnik
mono
monotoon
monster
monteer
monter
monteren
monteur
montuur
monument
mooi
mooie
mooist
mooiste
mop
mopper
mor
moraal
moreel
morgen
morgens
morrelde
morse
morsen
mos
moskeeen
mossel
most
mot
motel
motief
motor
motorhelm
motto
mouw
mouwen
muf
mug
muil
muildier
muis
muisstil
muiter
muizen
mul
multomap
mum
munt
muntstuk
muren
mus
musea
museum
musici
musicus
muskiet
muskus
muskusrat
muts
mutsen
muur
muurbloem
muurkrant
muurtje
muurvast
muziek
muziekje
muziekkorps
muzikaal
muzikant
na
naad
naaf
naai
naam
naamloos
naamplaat
naamval
naamwoord
naar
naartoe
naast
naaste
nabij
nacht
nachtegaal
nachthemd
nachthok
nachtjapon
nachtkaars
nachtlamp
nachtmis
nachtzoen
nadat
nadeel
nadelig
nadenken
naderde
nadien
nadoen
nadruk
nagaan
nagaat
nagaf
nagalm
nagel
nagels
nagelt
nagemaakt
nagenoeg
nageven
najaar
najagen
nam
name
namelijk
namen
namens
nap
napraat
nar
nare
narigheid
nasi
nasleep
nasmaak
naspel
naspelen
naspeur
nat
natie
nationaal
nationale
natura
natuur
natuurgebieden
natuurlijk
nauw
nauwelijks
nauwgezet
nauwkeurig
nauwkeurigheid
navel
nawoord
nazien
nederlaag
nederland
nederlander
nederlandse
nee
neef
neefje
neefjes
neem
neemt
neen
neer
neergaan
negatief
negeer
negen
neiging
nek
nekt
nel
nemen
nep
nergens
nest
net
netheid
netjes
netten
netwerk
neus
neusde
neusgat
neusgaten
neushoorn
neut
neuzen
nevel
neven
nicht
nichtje
niemand
nier
niertjes
nies
niest
niet
nieten
nietig
niets
nietwaar
nieuw
nieuwe
nieuwjaar
nieuws
nieuwsbrief
nieuwsbron
nieuwsgierig
nieuwsgierige
nieuwslezer
nieuwtje
nijdig
nijlpaard
nijmegen
niks
nip
nis
niveau
nobel
nodig
noem
noemen
nog
nogmaals
nok
non
nonnen
noodzaak
noodzakelijk
nooit
noop
noor
noord-brabant
noord-holland
noordelijk
noorden
noordkant
noorwegen
nop
nor
norm
normaal
nors
norse
nota
noteer
noten
notuleer
nou
nu
nuchter
nuk
nulpunt
nummer
nut
nuttig
oase
ober
objectief
observatie
oceaan
oceanen
och
ochtend
odeur
oefen
oefenen
oefening
oei
oer
oerbos
oerbron
oerwoud
oerwouden
oester
oever
of
offer
officieel
officier
officiële
ofwel
ogen
ogenblik
ogenblikkelijk
ogenblikken
oktober
olie
olieboer
oliebol
oliebron
oliedom
oliekraan
olielamp
olieman
olievat
olieverf
olifant
olijke
oliën
om
oma
omdat
omdoen
omdraai
omduw
ome
omega
omelet
omga
omgaan
omgaf
omgang
omgeef
omgeving
omhaal
omhak
omhalen
omhang
omheen
omhels
omhelzen
omhoog
omhul
omhullen
omkeek
omkeer
omkleden
omkom
omkomen
omkopen
omkwam
omlaag
omleg
omloop
omruil
omslaan
omslaat
omslag
omsloot
omspan
omspoel
omstandigheden
omtrek
omtrok
omval
omvallen
omvang
omvat
omver
omviel
omwaai
omweg
omwerk
omwerken
omwoel
omzag
omzagen
omzet
omzie
omzien
omziet
onaardig
onaf
onbegrip
onbekend
onbeleefd
onbenul
onbenut
onbezet
onbruik
onbruikbaar
ondankbaar
ondanks
onder
onderaan
onderaf
onderarm
onderdoor
onderga
ondergaan
ondergaat
ondergronds
onderhandeling
onderhoud
onderhouden
onderin
onderkaak
onderkin
onderkomen
onderlaag
onderlinge
onderlip
onderloop
ondermaat
ondernam
ondernemen
ondernemer
onderneming
onderop
onderscheid
onderspit
onderstel
ondersteuning
ondertussen
onderuit
onderweg
onderwijs
onderzoek
onderzoeker
ondiep
ondiepe
onfris
ongeduldig
ongelijk
ongelooflijk
ongeluk
ongelukken
ongelukkig
ongemak
ongepast
ongerust
ongetwijfeld
ongeval
ongeveer
ongewenst
ongewis
ongewoon
ongezien
ongezond
ongunstig
onguur
onhaalbaar
onhandig
onheus
onjuist
onkies
onklaar
onkruid
onlangs
onlust
onmens
onmiddellijk
onmiddellijke
onmisbaar
onnodig
onnut
onrecht
onrust
onrustig
ons
onschuldig
ontbijt
ontbos
ontbreek
ontdaan
ontdek
ontdekking
ontdekt
ontdoen
ontdoet
ontdooi
ontdook
ontduik
ontgaan
ontgaat
onthaal
onthouden
onthul
ontkiem
ontkom
ontkurk
ontkwam
ontlast
ontleen
ontlok
ontloop
ontluik
ontmoet
ontmoeting
ontnam
ontneem
ontpit
ontplof
ontplooi
ontpop
ontruim
ontsla
ontslaan
ontslaat
ontslag
ontsmet
ontsnap
ontsnappen
ontsnapt
ontspan
ontspanning
ontspin
ontspoor
ontsta
ontstaan
ontsteek
ontsteking
ontstond
ontstop
ontvang
ontvangst
ontvangt
ontvel
ontvet
ontvlam
ontvoer
ontvoering
ontvolk
ontwaak
ontwar
ontwerp
ontwerper
ontwikkeling
ontzag
ontzeg
ontzettend
ontzie
ontzien
onvermijdelijk
onverwacht
onvoldoende
onwaar
onweer
onwel
onze
onzeker
onzichtbaar
onzin
onzinnig
oog
ooghoek
oogklep
oogmerk
oogpunt
oogst
ooi
ooit
ook
oom
oor
oorbel
oordeel
oorlel
oorlog
oormerk
oorsprong
oorspronkelijk
oorzaak
oorzaken
oost
oosten
oostenrijk
op
opa's
opa
opberg
opbeur
opbloei
opbouw
opbrengst
opdat
opdien
opdiep
opdis
opdoe
opdoek
opdoem
opdoen
opdoet
opdof
opdraai
opdracht
opdragen
opdreun
opdrink
opdrinken
opdroog
opduik
opduw
opeens
opeet
open
openbaar
opende
openen
opening
openlijk
openmaak
opensla
openspring
opensta
openstaan
openstaat
opentrek
openval
openvalt
openviel
opera
operatie
opeten
opga
opgaaf
opgaan
opgaat
opgaf
opgang
opgave
opgedaan
opgeef
opgegroeid
opgelet
opgelucht
opgepast
opgepot
opgeraapt
opgeslagen
opgestaan
opgevat
opgeven
opgevoerd
opgewekt
opgewerkt
opgezet
ophalen
ophef
ophouden
opkeek
opklaar
opklap
opklim
opklop
opknap
opknoop
opkoop
opkras
opkrik
opkruip
opkwam
opkweek
oplap
oplas
oplees
opleg
opleiding
oplet
opletten
oploop
oplos
oplosbaar
oplossen
oplossing
opmaak
opmaat
opmeet
opmerk
opmerking
opnam
opneem
opnieuw
opnoem
oppak
oppas
oppasser
oppervlak
oppervlakkig
opraap
opraapte
oprichting
oprit
oproep
oproer
oprol
opruim
opruimen
opschieten
opslaan
opsluiten
opsom
opspaar
opstand
opstap
opstart
opsteek
opstel
optel
optiek
optima
optimaal
optreden
optrek
optuig
opval
opvang
opvat
opvatting
opveeg
opvis
opvissen
opvoer
opvolg
opvolgers
opvouwen
opvraag
opvul
opwaai
opweeg
opwek
opwel
opwerk
opwerp
opwinden
opwinding
opzag
opzat
opzeg
opzet
opzettelijk
opzicht
opzie
opzien
opzij
opzit
opzuig
opzwel
oranje
orde
orders
oren
orgaan
organen
organisatie
orgel
orka
orkaan
orkest
orkesten
os
otter
oud
oude
ouder
ouderdom
ouders
ouderwets
oudste
ovaal
oven
over
overal
overbodig
overdag
overdoen
overdracht
overeenkomst
overeenkomstig
overeenstemming
overeind
overga
overgaan
overgaat
overgaf
overgang
overgeef
overgeven
overgrootvader
overhaal
overhaast
overheden
overheen
overhoop
overhoor
overig
overigens
overijssel
overjas
overkant
overkap
overkom
overkomt
overlap
overlast
overleg
overloop
overmaat
overschot
overslag
overstap
overtik
overtref
overtrek
overtuiging
overtypen
overuur
overval
overvloed
overvol
overweg
overweging
overwerk
overwin
overwinning
overzee
overzicht
overzie
pa
paadje
paal
paar
paard
paarden
paardenstaart
paars
paarse
paartijd
paas
paasdag
paashaas
paasvuur
pad
pagina's
pagina
pak
pakezel
pakhuis
pakhuizen
pakje
pakken
pakket
pakketten
pakt
pakweg
pal
paleis
paleizen
paling
palinkje
palm
palmboom
pan
panda
panden
panfluit
pang
paniek
panklaar
pannen
pannenkoek
pannenkoeken
panter
pap
papa
papier
papiersoort
pappa
paraplu's
paraplu
parasol
parcours
pardoes
pardon
parfum
paria
parijse
park
parka
parkeer
parkeerplaats
parkeervak
parkiet
parlementair
particulier
partijen
partner
pas
pasfoto
pasje
pasklaar
paspoort
paspop
passage
passen
pasta
pasvorm
patat
pater
patroon
pats
paus
pauw
pauze
pech
pedalen
peen
peentjes
peer
pees
pek
pekel
pel
pen
pension
pep
peper
per
percentage
peren
perensap
perfect
pergola
perk
pers
persfoto
persmap
personeel
persoon
persoonlijk
persoonlijkheid
pest
pesten
pet
peter
petra
petten
peuk
peul
piano's
piano
piek
piep
piepen
pieper
piepers
piepklein
pier
piet
pijn
pijnlijk
pil
pilaar
piloot
piloten
pin
pinda's
pink
pion
piraat
pistool
pit
pits
pizza
plaag
plaat
plaats
plaatselijk
plaatsen
plaatsje
plafond
plagen
plak
plakboek
plakwerk
plan
plank
plankgas
planning
plant
planten
plas
plasma
plastic
plat
platen
platteland
platvis
platweg
plechtig
plechtigheden
pleeg
pleegbroer
pleeggezin
pleegkind
pleegouders
plein
pleister
plek
plekje
plens
plensbui
plezier
plint
ploeg
ploeter
plof
plons
plooi
plotseling
plug
pluim
pluis
pluk
plukt
plus
po
podia
poef
poel
poema
poen
poes
poesjes
poespas
poetst
poezen
pof
poging
polder
polen
polio
politici
politicus
politie
politiebureau
politiek
polka
polo
pomp
pond
pony's
pony
pook
pool
poolkap
poolvos
poon
poort
poos
poosje
poot
pop
popconcert
poppetje
populair
populaire
por
portaal
portemonnee
portier
porto
portofoon
portret
portretten
portugal
positie
positief
post
postbode
postbus
postcode
postduif
postkantoor
poststuk
postuum
postuur
postvak
postzegels
pot
potlood
potten
potvis
praal
praat
praatpaal
praatstoel
prachtig
prachtige
prak
praktijk
praktisch
prat
praten
precies
predikant
preek
preekstoel
prei
prent
president
presidenten
prestatie
pret
pretpark
prettig
priem
priesters
prijs
prijzen
prik
priktol
pril
prima
primitief
principe
principieel
principiële
prins
print
printer
prisma
privé
probeer
probeerde
probleem
problematiek
problemen
procedure
procent
proces
processen
produceren
product
producten
productie
productieprocessen
proef
proefles
proefrit
proefstuk
proeftuin
proefwerk
proeven
profeet
professor
profeten
programma's
programma
programmeren
project
projecten
projectie
proloog
pronk
prooi
prop
propaganda
propvol
protest
protestant
protesteren
provinciaal
provincie
provincies
pruik
pruim
pruis

prul
prut
psychologisch
puber
puberteit
publicatie
publiciteit
publiek
puik
puin
pul
punk
punt
puntdak
punten
puntjes
puntkomma
pup
pupil
put
puur
puzzel
puzzelen
python
qua
quaker
quark
quasi
quiz
quota
quotum
raad
raadsel
raaf
raai
raak
raakpunt
raakt
raam
raampje
raap
raapt
raar
raas
raceauto
racers
radar
raden
raderen
radio's
radio
ragebol
raken
raket
raketten
rakker
ram
ramen
ramp
rampjaar
rampspoed
randstad
ranja
rank
rap
rapen
rappe
rapport
rare
ras
rasecht
rasp
raspaard
rasta
raszuiver
rat
ratten
rauw
rauwkost
reactie
realiteit
rebus
recent
recept
recht
rechtbank
rechtdoor
rechte
rechter
rechterhand
rechtop
rechts
rechtsaf
rechtsom
rechtstreeks
rechtvaardigheid
reclame
red
redacteur
redactie
redden
redding
rede
redelijk
reden
redenering
ree
reed
reeds
reeks
reep
rees
reeën
regel
regeling
regels
regen
regende
regenen
regent
regenval
regio
regionaal
registratie
reis
reisgids
reisleider
reisleidster
reist
reizen
reiziger
rek
rekbaar
reken
rekenen
rekening
rekenmachine
rekensom
rekenwerk
rel
relaas
relatie
relax
reliek
religie
rem
remblok
remweg
ren
renbaan
rende
rennen
rent
rente
rep
reparatie
repen
replay
reportage
reptiel
republiek
reputatie
respect
rest
restant
restaurant
resultaat
resultaten
retour
reuk
reukloos
reuma
reus
reusachtig
reusachtige
reuzen
revolutie
revolutionair
rib
ribbenkast
richting
ridders
riek
riem
riemen
riep
riepen
riet
rij
rijbewijs
rijden
rijdt
rijk
rijmpje
rijp
rijst
rijstepap
rijweg
rik
riks
rilt
rimboe
rimpel
ring
ringetje
ringslang
ringweg
riool
rioolbuis
ris
risico's
risk
rit
ritme
rits
rivier
rivieren
roadrider
robot
rode
rodekool
roe
roebel
roei
roeibaan
roeiboot
roeit
roek
roekeloos
roeken
roem
roemloos
roep
roepen
roepia
roeping
roepnaam
roept
roer
roerbak
roes
roest
roet
rog
rok
rokade
roken
rokken
rol
rolde
rollen
rolluik
rolstoel
rolt
roltrap
roman
romantisch
romeinse
romig
rommel
romp
rond
ronde
rondedans
ronder
rondes
rondgaan
rondloop
rondlopen
rondneus
rondo
rondom
rondrit
ronduit
rondvaren
rondvlieg
rondvliegen
rondvraag
rondvragen
rondweg
ronk
ronken
rood
roof
roofdier
roofvogel
rooit
rook
rookbom
rookpluim
rookwaar
rookworst
room
roomboter
roomkaas
roos
ros
rot
rotan
rots
rotsblok
rotterdam
rotterdamse
rotzooi
route
routine
rouw
rouwkaart
rover
royaal
royale
roze
rozen
rozenstraat
rozenstruik
rubber
rubriek
rug
ruggespraak
rugslag
rugspier
rui
ruig
ruige
ruiger
ruik
ruiken
ruiker
ruikt
ruil
ruilen
ruim
ruimen
ruimte
ruimten
ruis
ruisen
ruit
ruiten
ruiter
rul
rum
rumba
rumoer
runderen
rundvlees
rups
rus
rusland
russische
rust
rustdag
rusten
rusthuis
rustig
rustpunt
ruw
ruwe
ruzie
ruzies
saai
saaie
salade
salaris
saldo
salon
salto's
salto
sambal
samen
samengaan
samenhang
samenleving
samenloop
samenpak
samenspel
samenspraak
samenstel
samenstelling
samentrek
samenval
samenvat
samenvoeg
samenwerk
samenwerking
samenzang
sandaal
sandalen
sanitair
sap
sappig
sar
sarong
sarren
sas
satelliet
satellietcode
sauna
saus
saxofoon
schaaf
schaak
schaakbord
schaakmat
schaakspel
schaakstuk
schaal
schaaldier
schaaltje
schaam
schaap
schaar
schaats
schaatsen
schaatst
schade
schadelijk
schaduw
schakel
schakels
schal
schalen
schande
schap
schapen
schat
schattebout
schavuit
schedels
scheef
scheel
scheelt
scheen
scheenbeen
scheep
scheepje
scheepsjongen
scheepvaart
scheer
scheermes
scheiding
scheidsrechter
schel
schelp
schelvis
schema's
schema
schema_apostrof_s
schemerig
schenk
schenkt
schep
schepen
schepnet
schept
scherf
scherm
scherp
scherpe
scherpt
scherven
schets
scheur
scheuren
scheurt
scheut
scheve
schiet
schieten
schijf
schijnbaar
schijnt
schik
schil
schilder
schilderijen
schim
schimp
schip
schipper
schippers
schoen
schoenen
schoenendoos
schoenwinkel
schok
schoof
school
schoolbel
schoolboek
schooldag
schoolgaan
schooljaar
schoolkind
schoolklas
schoolmelk
schoolreis
schoolslag
schooltas
schooltijd
schooltuin
schoon
schoonheid
schoonmaak
schoor
schoorsteen
schoot
schop
schopt
schor
schorre
schors
schort
schotel
schouder
schouders
schouwburg
schreeuw
schreeuwen
schreeuwt
schrift
schriftelijk
schrijf
schrijft
schrijven
schrijvers
schrik
schrikt
schroef
schroeft
schroei
schroeven
schrok
schudden
schudt
schuif
schuifdak
schuifdeur
schuifraam
schuift
schuil
schuilgaan
schuilgaat
schuilhut
schuilkerk
schuilnaam
schuilplaats
schuim
schuin
schuine
schuit
schuiven
schuld
schuldig
schulp
schuren
schurk
schut
schutkleur
schuttinkje
schuur
schuurtje
schuw
schuwe
scooter
script
seconde
secretaresse
secretaris
sein
seizoen
seizoenen
seksualiteit
selectie
senator
senior
sensor
september
sergeant
serie
sering
servet
set
sfeer
sier
sieraad
sieraden
sierlijk
sierlijke
sierplant
sigaar
sigaren
sigaret
sigaretten
signalen
sijs
sik
sikje
silo
simpel
sinds
singel
sint
sinterklaas
sip
sirene
siroop
sis
sist
situatie
sjaal
sjouwt
ski's
ski_apostrof_s
sla
slaag
slaan
slaap
slaapbank
slaapt
slaat
slab
slachtoffer
slag
slagader
slagboom
slagen
slager
slagpen
slagroom
slagslak
slak
slaken
slang
slangetje
slank
slanke
slap
slapen
slaven
slavin
slecht
slechte
slechts
slechtst
slede
slee
sleep
sleepnet
slenteren
slentert
sleuf
sleur
sleuren
sleutel
sleutelgat
sleutelrol
sleutels
sliep
slijk
slijpen
slijtage
slik
slim
slinger
slippers
slis
sloeg
sloep
slof
slok
sloom
sloop
sloopauto
sloot
slop
sloper
slordig
slot
sloten
slotsom
slotwoord
sluik
sluimer
sluip
sluipweg
sluis
sluisdeur
sluiswachter
sluit
sluiten
sluiter
sluitpost
sluitstuk
sluitwerk
sluizen
slurf
slurp
slurven
sluw
sluwe
smaak
smaakt
smaken
smal
smalle
smalst
smart
smeer
smeerkaas
smeerlap
smeet
smeren
smerig
smet
smeul
smoes
smoor
smul
smulde
snaar
snak
snap
snappen
snapt
snapte
snauw
snauwt
snavel
snavels
snee
sneeuw
sneeuwbal
sneeuwen
sneeuwklok
sneeuwpop
sneeuwt
snel
snelheid
snelle
sneller
sneltram
snelweg
snerpend
snijd
snijden
snik
snikheet
snip
snoei
snoeien
snoeischaar
snoeit
snoek
snoep
snoept
snoer
snoet
snor
snorde
snorkel
snuf
snuif
snuit
snurk
snurken
sociaal
sociale
soda
soep
soepel
soepjurk
soepkom
sok
sokken
soldaat
soldaten
solist
solo
som
somber
sommen
sommige
sommigen
soms
soort
soorten
soortgenoten
soos
sop
sorbet
sorteer
spa
spaak
spaan
spaar
spaarlamp
spaarplan
spaarpot
spalk
span
spandoek
spanje
spanje_met_hoofdletter
spannen
spannend
spannende
spanning
spar
sparen
spat
specht
speciaal
speciale
specifiek
speel
speelbal
speelbord
speelde
speeldoos
speelfilm
speelgoed
speelkaart
speelman
speelplaats
speelt
speeltijd
speeltuin
speeluur
speelveld
speen
speer
speerpunt
spek
spekjes
spel
speldenknop
spelen
speler
spelletje
spelling
spelonk
speren
speur
speuren
speurwerk
speurzin
spiegel
spiegelbeeld
spiegels
spiegeltje
spiek
spiekt
spier
spieren
spijker
spijt
spil
spin
spinazie
spinnen
spinnenweb
spinnetje
spinnetjes
spion
spit
spits
spleet
splinter
splitsing
spoel
spoelbak
spons
spontaan
spook
spookhuis
spoor
spoorbaan
spoorboom
spoorbrug
spoorloos
spoort
spoorweg
spoot
sporen
sport
sportauto
sportbroek
sportclub
sporten
sporter
sporthal
sportief
sportman
sportschoenen
sporttas
sportwagen
spot
spraak
sprak
spreek
spreekbuis
spreekkoor
spreekt
spreektaal
spreekuur
spreekwoord
spreeuw
spreeuwen
spreiding
spreken
sprekers
spreuk
spriet
spring
springen
springpaard
springplank
springruiter
springt
sprinkhaan
sproei
sproeit
sproet
sprong
sprongen
sprongetje
sprookje
sprookjes
spruit
spuigat
spuit
spuitbus
spuitgast
spul
spullen
spurt
spuwt
sta
staaf
staak
staal
staan
staar
staart
staartvin
staat
staatsloterij
stabiel
stad
stadhuis
stadia
stadion
stadium
stadsdeel
staf
stage
stak
staken
staking
stal
stalen
stam
stamboek
stamboom
stamp
stamppot
stan
standpunt
stang
stangetje
stank
stap
stapel
stapelbaar
stapelen
stapels
stappen
stapt
star
staren
start
startbaan
startklaar
startknop
startnummer
startpunt
statig
station
status
statuut
stavast
staven
steeds
steeg
steek
steekkar
steekspel
steekt
steekvlam
steel
steelpan
steelt
steen
steengoed
steenkool
steenslag
steentijd
steenwol
steenworp
steil
stek
stekel
steken
stel
stelsel
stem
stemband
stembus
stemkaart
stemming
stempel
stempelen
stempels
stemvork
stenen
steno
stenograaf
step
steppen
ster
sterf
steriel
sterk
sterke
sterker
sterkte
sterrenwacht
steun
steunkleur
steunpilaar
steunt
stevig
stewardessen
stichting
stiekem
stier
stift
stijf
stijging
stijl
stijve
stik
stikdonker
stiksel
stil
stille
stilletjes
stilstaan
stilstand
stink
stinkbom
stinkdier
stinkt
stip
stipjes
stippen
stoei
stoeien
stoel
stoelen
stoep
stoer
stoere
stoet
stof
stofdoek
stofjas
stofnest
stofwolk
stofzuiger
stok
stokbrood
stokdoof
stoken
stokroos
stokvis
stol
stola
stolp
stom
stomkop
stomme
stomp
stomweg
stond
stonden
stoof
stoofpeer
stoofpot
stook
stoom
stoombad
stoomfluit
stoompan
stoomschip
stoomtrein
stoor
stoot
stootblok
stootte
stop
stopbord
stoplicht
stoppen
stopt
stopteken
stopverf
stopwoord
storen
storing
storm
stormbal
stormloop
stormram
stort
stortbak
stortbui
stortplaats
stortte
stout
stoute
straal
straalde
straaljager
straaltje
straat
straatarm
straatarme
straatjes
straatnaam
straf
strafbaar
strafpunt
strafschop
strafwerk
strafwet
strak
straks
strand
straten
streek
streekbus
streektaal
streel
streelt
streep
streng
striem
strijd
strik
strikken
strikt
strip
stripboek
stro
stroman
stromen
stroming
stronk
strooi
strooit
strook
stroom
stroop
strop
stropdas
struik
struikel
struikelblok
struiken
studeer
studie
studieboek
studio
stug
stuif
stuifmeel
stuip
stuit
stuk
stukadoor
stukje
stukken
stuks
stukslaan
stukslaat
stulp
stunt
sturen
stuur
stuurhut
stuurloos
stuurlui
stuurman
stuurt
stuw
stuwmeer
subliem
subsidie
subtiel
succes
suf
sufferd
suiker
suikerbiet
suikeroom
suikerspin
sukkel
sul
sultan
super
supermarkt
surf
surfplank
suriname
sus
sust
suzan
suzanne
swartsluis
swing
symbool
symptoom
synagoge
systeem
taai
taak
taal
taalfout
taalgebruik
taalgrens
taalgroep
taalles
taalprobleem
taalwet
taart
taarten
taartpunt
taartvorm
tabak
tabel
taboe
tachtig
tact
tactiek
tactvol
tafel
tafelblad
tafelheer
tafelpoot
tafels
tafeltje
tak
takel
takken
tal
talen
talent
talg
talloze
talm
talrijk
tam
tamara
tamboer
tamme
tand
tandarts
tandenborstel
tandpasta
tandwiel
tang
tangetje
tango
tanig
tank
tankauto
tankte
tankwagen
tante
tap
tape
tapijt
tarief
tas
tast
tastbaar
tastzin
taxi's
taxi
taxirit
te
technici
techniek
technisch
technische
ted
teek
teel
teen
teer
tegel
tegelijk
tegemoet
tegen
tegenaan
tegendeel
tegengaan
tegengas
tegengif
tegenin
tegenkomen
tegenover
tegenslag
tegenspel
tegenspraak
tegenstand
tegenstanders
tegenstelling
tegenstellingen
tegenvraag
tegenwoordig
tegenzin
tegenzit
tehuis
tekeer
tekeergaan
tekeergaat
teken
tekenaar
tekenen
tekening
tekeningen
tekenles
tekenpapier
tekens
tekenwerk
tekort
tekst
tekstboek
teksten
teksttraining
tel
telde
telefonisch
telefoon
telefoonnummer
telemeter
teleurstelling
televisie
televisies
telewerk
telex
telg
telkens
tellen
teloor
teloorga
teloorgaan
telraam
telt
tem
tempo
ten
teneinde
tenen
teneur
tengel
teniet
tenminste
tennisbal
tenslotte
tent
tentdoek
tenten
tentoon
tenzij
ter
terdege
terecht
teren
terg
terloops
term
termiet
termijn
terneer
terp
terras
terrein
terreur
terstond
terug
teruggevonden
terugval
terugweg
terwijl
test
testbaan
testbeeld
teug
teugel
teun
teveel
tevens
tevergeefs
tevoorschijn
tevoren
tevreden
tevredenheid
texel
textiel
textielbedrijf
texttrainer
tezamen
thans
theater
thee
thema
theoloog
theoretisch
theorie
therapeut
therapie
thermometer
thermostaat
thuis
tien
tiende
tienmaal
tiental
tiert
tijd
tijdelijk
tijdens
tijdig
tijdje
tijdperk
tijdschrift
tijdschriften
tijdverspilling
tijdzones
tijger
tik
tikfout
tikken
tikt
til
tilburg
tin
tint
tip
tipgeld
tipgever
tiptop
tirade
titaan
titel
titelrol
tjilpen
tobbe
toch
tocht
tochtgat
toe
toef
toegaan
toegaat
toegaf
toegang
toegestaan
toegevoerd
toegift
toehap
toehoren
toejuich
toekeek
toeknik
toekom
toekomst
toelaat
toelach
toelage
toelagen
toelaten
toeleg
toelegde
toeleven
toelichting
toeliet
toeloop
toen
toenaam
toenam
toendra
toeneem
toeneemt
toepas
toepasbaar
toepassingen
toer
toeren
toerental
toeriep
toerisme
toerist
toernooi
toeroep
toert
toertocht
toeschouwer
toeschouwers
toeslaan
toeslaat
toeslag
toesloeg
toespeel
toespraak
toesprak
toestaan
toestaat
toestand
toestel
toestellen
toestem
toestop
toestroom
toestuur
toet
toetakel
toeter
toets
toetsbaar
toetsen
toetsenbord
toetsing
toeval
toevallig
toeven
toeverlaat
toeviel
toevlucht
toevoeg
toevoer
toewerp
toezag
toezicht
toezien
toezong
tof
toga
toko
tol
tolk
tomaat
tomaten
tomatensaus
tompoes
ton
toneel
toneelgroep
toneelspeelster
toneelspel
toneelstuk
tong
tongetje
tongriem
tongval
tonijnen
toog
toogdag
toom
toon
toonbaar
toonbank
toonloos
toonsoort
toonzet
toorn
toornig
top
tophit
topjaar
toplaag
topman
topvorm
topzwaar
tor
toren
torens
torn
tornado
torpedo
tosti
tot
totaal
totale
totdat
totem
totempaal
tour
touw
tovenaar
tover
toverbal
toverboek
toverdrank
toveren
toverkunst
toverspreuk
toverwoord
traag
traan
traanbuis
traangas
traanklier
tractor
traditie
traditioneel
traditionele
tragiek
tragisch
trainen
training
traktatie
trakteer
tralie
traliewerk
tram
trambaan
tramhalte
tramp
tranen
trans
trant
trap
trapas
trapauto
trapgat
trapje
traploos
trappen
trapt
traptrede
trawant
trede
treden
tree
treeplank
tref
trefkans
trefpunt
trefwoord
trefzeker
trein
trek
trekgat
trekken
trekpaard
trekvogel
treuren
treurig
treurige
triest
tril
trilhaar
trilt
trim
trio
triomf
trip
trix
troef
troep
trof
trok
trom
trommel
trompet
troon
troonrede
troost
troostend
tropisch
tros
trots
trouw
trouwen
trouwens
trouwt
truc
trui
truien
tsjechische
tuba
tuf
tui
tuig
tuin
tuinbank
tuinboon
tuindeur
tuindorp
tuinfeest
tuinhek
tuinhuis
tuinkamer
tuinman
tuinslang
tuinstoel
tuintje
tuit
tuk
tulp
tumor
tunesische
tuniek
turbo
turen
turf
turkije
turks
tussen
tut
tuur
tuurde
tuurt
tv
twaalf
twaalfde
twee
tweede
tweeluik
tweemaal
tweetal
tweeën
twijfel
twinkel
twintig
twist
tyfoon
typ
type
typefout
typeles
typen
typetopia
typisch
typt
ui
uien
uiensoep
uil
uit
uitbeeld
uitblaas
uitblink
uitblinkt
uitbraak
uitbreiding
uitbreken
uitbreng
uitbuit
uitbundig
uitdaag
uitdaagde
uitdacht
uitdeed
uitdeel
uitdeelt
uitdelen
uitdeling
uitdenk
uitdenken
uitdien
uitdiende
uitdient
uitdiep
uitdiepen
uitdiept
uitdoe
uitdoen
uitdoet
uitdoof
uitdos
uitdraag
uitdraagt
uitdraai
uitdroeg
uitdroop
uitdruip
uitdruipen
uitdrukking
uitdrukt
uitdun
uiteen
uiteenslaan
uiteenval
uiteenzet
uiteindelijk
uiten
uiteraard
uiterlijk
uitermate
uiterst
uitfluit
uitga
uitgaaf
uitgaan
uitgaat
uitgaf
uitgang
uitgave
uitgaven
uitgebreid
uitgegaan
uitgegleden
uitgelokt
uitgerukt
uitgestrekt
uitgever
uitgeverij
uitgevers
uitgevist
uitgezet
uitglijden
uithaal
uithalen
uithang
uithoek
uithoren
uitkeek
uitkeer
uitkeren
uitkien
uitkiende
uitkies
uitkiest
uitkiezen
uitknip
uitknippen
uitkom
uitkomen
uitkomst
uitkoop
uitkoopt
uitkoos
uitkopen
uitlaat
uitlaatgas
uitlach
uitlachen
uitleef
uitleen
uitleg
uitlek
uitlenen
uitleven
uitlever
uitlezen
uitlok
uitlokken
uitloop
uitlopen
uitloper
uitloten
uitloting
uitloven
uitmaak
uitmaken
uitmunten
uitneem
uitneembaar
uitnemen
uitpak
uitpakken
uitpraten
uitput
uitrol
uitrook
uitruim
uitrukt
uitrust
uitschenk
uitslaan
uitslaap
uitslaapt
uitslaat
uitslag
uitslapen
uitsluitend
uitspraak
uitspraken
uitsta
uitstaan
uitstal
uitstap
uitstapt
uitsteekt
uitsteken
uitstekend
uitstekende
uitstoot
uitval
uitvis
uitvoer
uitvoerbaar
uitvoerig
uitwas
uitweg
uitwerking
uitwerp
uitwerpen
uitwis
uitworp
uitzag
uitzat
uitzet
uitziek
uitzieken
uitzien
uitziet
uitzit
uitzoek
uitzondering
uitzonderlijke
ultiem
ultra
uniek
uniform
universiteit
uren
urn
utrecht
utrechtse
uur
uurloon
uurtarief
uurtje
uurwerk
uw
vaag
vaak
vaal
vaan
vaar
vaardig
vaart
vaarwel
vaas
vaat
vaatdoek
vaatwerk
vacht
vader
vaderdag
vaderland
vaderlief
vaderloos
vak
vakantie
vakantieadres
vakblad
vakbond
vakgroep
vaklui
vakman
vakpers
vakschool
vaktaal
vakterm
vakwerk
val
vale
valhelm
valk
valken
valkuil
vallen
valreep
vals
valt
valuta
van
vanaf
vanavond
vandaag
vandaal
vandaan
vandaar
vandoor
vang
vangbal
vangen
vangnet
vangt
vanmiddag
vanmorgen
vannacht
vanuit
vanwaar
vanwege
vanzelf
varen
variatie
varken
varkenshok
varkensvlees
vast
vaste
vastgoed
vastgreep
vastliep
vastloop
vastpak
vastplak
vastplakt
vastprik
vaststaan
vastzet
vastzit
vat
vatbaar
vazen
vecht
vechten
vechtlust
vee
veearts
veeboer
veeg
veegde
veel
veelal
veelhoek
veelvuldig
veemarkt
veen
veer
veerboot
veerhuis
veerman
veertien
veertig
veevoer
veewagen
vegen
veger
veilig
veiligheid
vel
vele
velletje
venster
vensterbank
vensters
vent
ventiel
ver
veraf
verander
verandering
veranker
verantwoordelijk
verantwoordelijkheid
verbaal
verbaas
verbaasd
verband
verbeelding
verberg
verbinden
verblijven
verblik
verbloem
verbluf
verbod
verboden
verborg
verborgen
verbrak
verbranden
verbras
verbreek
verbruik
verbuig
verdachte
verdamp
verdeel
verdeelt
verdenk
verder
verderop
verdien
verdiensten
verdiep
verdieping
verdiepingen
verdik
verdoen
verdoet
verdoof
verdor
verdraag
verdraai
verdrag
verdriet
verdrinken
verdroog
verdubbeling
verduisterd
verdun
verduur
verdwenen
verdwijning
verdwijnt
vereer
veren
verenigde staten
verf
verfbom
verfilm
verflaag
verfris
verfspuit
verft
verg
verga
vergaan
vergaar
vergaarbak
vergaat
vergadertafel
vergaf
vergal
vergeef
vergeefs
vergeet
vergeleken
vergezel
vergiet
vergif
verging
vergis
vergok
vergooi
vergroot
vergruis
verhaal
verhaaltje
verhaaltjes
verhaast
verhalen
verhef
verheug
verheugen
verhit
verhoging
verhoor
verhouding
verhuis
verhuist
verhul
verhuur
verjaag
verjaar
verjaardag
verkeek
verkeer
verkeerd
verkeerde
verkeersbord
verkies
verkiezing
verkil
verklaar
verklank
verklap
verklappen
verkleden
verkleur
verklik
verknip
verknoei
verkoel
verkool
verkoop
verkoopt
verkoos
verkort
verkouden
verkreeg
verkrop
verkwik
verlaag
verlaat
verlam
verlang
verleden
verleen
verleer
verleg
verlegenheid
verleng
verlengd
verlichting
verliefd
verliefde
verliep
verlies
verliet
verlof
verlofdag
verloop
verloor
verlos
vermaak
vermaal
vermaan
vermag
vermeng
vermink
vermoedelijk
vermoeiend
vermom
vernam
vernauwing
verneem
verniel
vernis
vernoem
verover
verpak
verpest
verplant
verpleeg
verplicht
verplichting
verpoos
verpop
verraden
verrassing
verrast
verre
vers
verscheidenheid
verschil
verschillen
verschillende
verschoot
verschrikkelijk
verschuil
verse
versier
versiert
versla
verslaan
verslaap
verslaat
verslag
verslap
versleep
verslik
verslof
versmal
versnapering
verspeel
versper
verspil
versprak
verspreek
verspring
versta
verstaan
verstaanbaar
verstaat
verstand
verstandig
verstar
verste
versteen
verstek
verstel
verstelbaar
versterk
verstik
verstoor
verstop
verstrekt
versuf
versus
vertaal
vertaald
verte
verteer
verteken
vertel
verteld
vertelden
vertellen
vertelt
vertier
vertik
vertil
vertoef
vertolk
vertoon
vertraag
vertraging
vertrap
vertrek
vertrekhal
vertrekken
vertrekt
vertrouw
vertrouwt
veruit
vervaag
verval
vervanging
vervat
verveel
vervelend
vervelende
vervelendst
verven
vervoeg
vervoer
vervolg
vervolgens
vervul
vervulbaar
verwacht
verwachten
verwant
verwar
verwarm
verwarring
verwater
verweek
verweer
verwees
verwek
verwelk
verwen
verwens
verwerk
verwerking
verwerp
verzaak
verzamel
verzamelen
verzet
verziek
verzin
verzink
verzinnen
verzint
verzit
verzoek
verzoen
verzon
verzorg
verzorging
verzorgt
verzot
verzuim
verzuur
verzwik
vest
vet
vetarm
vetlaag
veto
vetplant
vetpot
vette
vetter
via
video
videotheek
viel
vier
vierde
vieren
vierkant
vierspan
viertal
vies
vieze
viezigheid
vijand
vijf
vijfde
vijftien
vijftig
vijl
vin
vind
vinden
vindt
vinger
vingerdik
vingers
vingertop
vink
vinken
vinvis
viool
vioolles
vioolspel
vip
virus
vis
visa
visboer
visgraat
vishaak
visie
visite
visje
vismarkt
visnet
vissen
vissers
vissersvloot
vistuig
visum
vitaal
vizier
vla
vlaag
vlaai
vlag
vlak
vlakbij
vlakte
vlam
vlas
vlecht
vleermuis
vlees
vleesmes
vleespot
vlek
vleugel
vleugeltjes
vlieg
vliegen
vlieger
vliegt
vliegtuig
vliegtuigen
vlieguur
vliegveld
vliegwerk
vliegwiel
vlier
vlies
vlinder
vlindertjes
vlo
vloer
vloerbedekking
vloeren
vloermat
vloog
vloot
vlot
vluchteling
vluchten
vluchtstrook
vlug
vlugge
vocht
vochtig
voeden
voeding
voedsel
voeg
voel
voelbaar
voelde
voelen
voelt
voer
voerbak
voerlui
voerman
voertaal
voertuig
voet
voetbal
voetbrug
voeten
voetnoot
voetpad
voetstap
voetveeg
voetvolk
vogel
vogels
vogelspin
vogeltje
vogeltrek
vogelzang
vol
voldaan
voldoen
voldoende
voldoening
voldoet
volg
volgende
volgens
volgorde
volgzaam
volk
volle
volop
volprop
volsta
volstaan
volstaat
volt
volta
voltrek
voluit
vond
vonk
vonnissen
voor
vooraan
vooraf
vooral
vooras
voorbeeld
voorbij
voordat
voordeel
voordek
voordeur
voordoen
voordraag
voordracht
voorga
voorgaan
voorgaf
voorganger
voorheen
voorhuis
voorin
voorjaar
voorkamer
voorkant
voorkeur
voorkom
voorlag
voorlees
voorleg
voorlezen
voorlichting
voorloper
voorlopig
voorman
voornaam
voornam
voornamelijk
voorneem
voorop
voorover
voorplaat
voorpoot
voorpost
voorpret
voorproef
voorraad
voorrang
voorruit
voorschriften
voorstaan
voorstaat
voorstanders
voorstel
voorstellen
voorstelling
voort
voortaan
voortdurend
voortreffelijk
voortreffelijke
voortrek
voortuin
vooruit
vooruitgaan
vooruitgaat
vooruitgang
voorval
voorwaar
voorwaarde
voorwaarts
voorwerk
voorwerp
voorwiel
voorzag
voorzat
voorzeg
voorzeker
voorzet
voorzichtig
voorzichtigheid
voorzie
voorzien
voorzit
voorzitter
voorzorg
vordering
voren
vorig
vork
vorm
vormgeving
vorming
vormloos
vorst
vorsten
vorstin
vos
vouw
vouwen
vouwt
vraag
vraagbaak
vraagstuk
vraagt
vracht
vrachtauto
vrachtschip
vrachtwagen
vragen
vrat
vrede
vreedzaam
vreemd
vreemde
vreemdeling
vreselijk
vreselijke
vreugde
vriend
vriendelijk
vrienden
vriendin
vriendinnetje
vriendje
vrieskist
vriest
vriesvak
vriezen
vrij
vrijdag
vrijdags
vrijheid
vrijwel
vroeg
vroegen
vroeger
vrolijk
vrolijke
vroom
vroor
vrouw
vrouwelijk
vrouwen
vrouwenstem
vrouwtje
vrucht
vruchtbaar
vruchtboom
vruchten
vuil
vuilnis
vuilnisbak
vuilnisman
vuilniszak
vuist
vuistdik
vul
vulde
vulkaan
vulpen
vulstof
vuren
vurig
vuur
vuurbal
vuurbol
vuurdoop
vuurproef
vuursteen
vuurtoren
vuurvast
vuurwerk
vuurzee
waag
waagt
waai
waaier
waait
waak
waakhond
waakzaam
waan
waanbeeld
waanzin
waar
waaraan
waarachter
waarborg
waarboven
waarbuiten
waard
waarde
waardebon
waardeloos
waardering
waardoor
waarheen
waarheid
waarin
waarlangs
waarmee
waarmerk
waarna
waarnaar
waarnaast
waarnam
waarnemer
waarneming
waarom
waaromheen
waaronder
waarop
waarover
waarschijnlijk
waarschijnlijkheid
waarschuw
waarschuwen
waartegen
waartoe
waartussen
waaruit
waarvan
waarvandaan
waarvoor
wacht
wachtdag
wachten
wachtkamer
wachtlopen
wachtmeester
wachtpost
wachtwoord
waddenzee
wagen
wagenpark
wagens
wagon
wak
wakker
wal
walg
walm
walrus
wals
walvis
walvissen
wandelen
wandelgang
wandeling
wandelpas
wandelschoen
wandelstok
wanden
wang
wangen
wanhoop
wanhopig
wankel
wanklank
wanneer
wanorde
want
wanten
war
warboel
waren
warm
warme
warmen
warmte
wars
wartaal
was
wasbak
wasbeer
wasbeurt
wasdag
washandje
washok
wastobbe
wat
water
waterbak
waterdamp
waterdier
waterglas
waterkan
waterkraan
waterkracht
waterleiding
waterman
waterpeil
waterplant
waterplas
waterproef
waterput
waterstof
waterval
waterverf
waterweg
waterwerk
we
web
wederzijds
wedstrijd
weduwe
weeg
week
weekblad
weekdag
weekdagen
weekdier
weekend
weekkaart
weer
weerbaar
weerdienst
weerga
weergaaf
weergaf
weergalm
weergeef
weergeven
weerglas
weerhaak
weerkaart
weerkeer
weerklank
weerklink
weerleg
weerloos
weerman
weerom
weerslag
weerspiegel
weersprak
weerspreek
weersta
weerstaan
weerstaat
weerstand
weerwerk
weerwil
weerwolf
weerzien
weerzin
wees
weeshuis
weesjongen
weeskind
weet
weeën
weg
wegberm
wegborg
wegbrak
wegdek
wegdoe
wegdoen
wegdook
wegdraag
wegdroeg
wegdrukt
wegduik
wegduw
wegenkaart
wegens
wegga
weggaan
weggaat
weggaf
weghalen
weghelft
wegjaag
wegkeek
wegknip
wegkom
wegkomen
wegkoop
wegkroop
wegkruip
wegkwam
weglaat
weglaten
wegleg
wegliep
wegliet
weglok
wegloop
wegmaak
wegmaken
wegnam
wegnamen
wegneem
wegroep
wegrol
wegruim
wegsla
wegslaan
wegslaat
wegsleep
wegsloeg
wegsluip
wegspoel
wegspring
wegstak
wegsteek
wegstem
wegstop
wegstuur
wegtrap
wegtrek
wegvaag
wegvaar
wegvak
wegval
wegveeg
wegverkeer
wegvervoer
wegviel
wegvlieg
wegvoer
wegwaai
wegwerk
wegwerp
wegwis
wegwuif
wegzet
wegzink
wei
weide
weigeren
weigering
weiland
weinig
wekelijks
weken
wekken
wekker
wel
weldra
weleer
welhaast
welk
welke
welkom
wellicht
welnee
welp
welvaart
wendbaar
wenk
wenkbrauw
wenkbrauwen
wennen
wens
wensdroom
wentel
wenteltrap
werd
werden
wereld
wereldoorlog
werf
werk
werkbaar
werkbank
werkboek
werkdag
werkelijk
werkelijkheid
werkeloos
werkeloosheid
werken
werkende
werkgelegenheid
werkgevers
werkgroep
werkhuis
werking
werkkamp
werkloos
werklui
werklust
werkman
werkmeester
werknemers
werkpak
werkplan
werkplek
werkster
werkstuk
werkt
werktafel
werkte
werktuig
werkuur
werkverkeer
werkvolk
werkvorm
werkweek
werkzaam
werp
wervelstorm
wesp
wespen
west
westen
westpunt
wet
wetboek
weten
wetenschappelijk
wetmatig
wettekst
wezen
wicht
wie
wieg
wiek
wiel
wieldop
wier
wierook
wierp
wig
wij
wijd
wijk
wijn
wijs
wijsheid
wijsjes
wijsvinger
wijsvingers
wijze
wijzen
wijzers
wijziging
wil
wild
wilde
wilg
willemijn
willen
wilt
wim
wimpel
win
wind
windje
winkel
winkelcentrum
winkelhaak
winkelier
winkels
winkelstraat
winnende
winst
wint
winter
winterdag
wintergast
winterjas
winterslaap
wintersport
wintertuin
winterweer
winterzon
wip
wipneus
wippen
wipt
wirwar
wis
wispelturige
wist
wisten
wit
witboek
witheet
witkalk
witkwast
witregel
witte
witvis
woede
woedend
woedende
woel
woelig
woelige
woensdag
woest
woestijn
wok
wol
wolf
wolk
wolkbreuk
wolken
wollen
wolven
wond
wonderen
wonen
woning
woninkje
woog
woon
woonark
woonblok
woonboot
woonde
woongroep
woonhuis
woonkamer
woonkern
woonkeuken
woonplaats
woonschip
woont
woonwagen
woonwijk
woord
woordbeeld
woordbreuk
woordenboek
woordjes
woordkeus
woordvorm
word
worden
wordt
worm
wormpje
worp
worst
worstel
worstelaar
wortel
wortelen
wortels
worteltjes
wou
woud
wraak
wrak
wrede
wrijft
wuif
xenon
yoga
yoghurt
you
yup
yuppie
zaag
zaagbek
zaai
zaak
zaal
zaalhuur
zacht
zadel
zag
zagen
zak
zakdoek
zakken
zal
zalf
zalm
zand
zang
zanger
zangeressen
zangers
zangkoor
zangles
zangstem
zangvogel
zat
zaten
zaterdag
zaterdags
ze
zebra's
zebra
zee
zeearm
zeedier
zeef
zeegang
zeegat
zeegroen
zeehond
zeehonden
zeekaart
zeekoe
zeeland
zeeleeuw
zeelui
zeem
zeeman
zeep
zeepbel
zeepkist
zeer
zeereis
zeerover
zeeschip
zeeslag
zeesluis
zeespiegel
zeester
zeestraat
zeestroom
zeestuk
zeevis
zeevogel
zeewater
zeewier
zeewind
zeeziek
zeeën
zeg
zegde
zegel
zegelring
zeggen
zegt
zei
zeil
zeilboot
zeilen
zeilschool
zeker
zekerheden
zekerheid
zelden
zeldzaam
zelf
zelfs
zelfstandig
zenuwachtig
zere
zerk
zes
zesde
zeshoek
zestal
zestien
zestig
zet
zetbaas
zetmeel
zetpil
zeul
zeulde
zeur
zeuren
zeurpiet
zeurt
zeven
zevental
zeventien
zeventig
zich
zicht
zichtbaar
zichzelf
zie
ziedaar
ziek
ziekbed
zieke
ziekenauto
ziekenhuis
ziekte
ziel
zien
ziende
zier
ziet
zigzag
zij
zijn
zilver
zin
zing
zingen
zingt
zink
zinken
zinloos
zinnen
zintuig
zinvol
zit
zitbank
zitbanken
zithoek
zitkamer
zitplaats
zitten
zitting
zo'n
zo
zoal
zoals
zocht
zodat
zodoende
zodra
zoek
zoekactie
zoeken
zoekt
zoektocht
zoem
zoemde
zoen
zoet
zoete
zoetzuur
zogenaamd
zoiets
zojuist
zolang
zolder
zolderraam
zolders
zomaar
zombie
zomer
zomerdag
zomerfeest
zomergast
zomerhuis
zomerjurk
zomerkleed
zomerweer
zomerzon
zomin
zon
zondag
zondags
zonde
zondebok
zonder
zong
zongen
zonnig
zonsondergang
zonsopgang
zonsverduistering
zoogdier
zoogdieren
zool
zoom
zoomde
zoon
zoonlief
zoons
zopas
zorg
zorgde
zorgelijke
zorgen
zorgt
zorgvuldig
zorgzaam
zou
zout
zoutmeer
zoutpan
zoutvat
zoutzuur
zoveel
zover
zowat
zowel
zozeer
zucht
zuchtte
zuid-afrika
zuid-
zuid-holland
zuid- zuid
zuiden
zuidkust
zuidoost
zuidpool
zuidpunt
zuidvrucht
zuidwest
zuig
zuigeling
zuigfles
zuignap
zuil
zuilen
zuinig
zuip
zuiplap
zuipschuit
zuivel
zuiver
zuivering
zul
zulk
zulke
zulks
zullen
zure
zus
zusje
zuster
zusters
zuur
zuurkool
zuurpruim
zuurstof
zwaai
zwaaien
zwaait
zwaan
zwaar
zwaardvis
zwak
zwakke
zwaluw
zwam
zwanen
zware
zwart
zwarte
zwartepiet
zweden
zweef
zweefde
zweefduik
zweefmolen
zweeft
zweeg
zweem
zweep
zweepslag
zweer
zweerde
zweet
zwel
zwelg
zwem
zwembad
zwembroek
zwemles
zwemmen
zwempak
zwemt
zwemvest
zwemwater
zwenk
zwerf
zwerfkat
zwerftocht
zwerk
zwerm
zwermen
zweven
zwiep
zwiepen
zwier
zwijg
zwijgzaam
zwijn
zwik
zwitserland
zwoeg
zwolle
zwom
zwommen
